    Time [s],   Tracer [-],    Temp. [K],   Pres. [Pa],   H2O [/cm3],     RH_i [-],     RH_w [-],   SO4 [/cm3],  SO4g [/cm3],  SO4l [/cm3],  SO4s [/cm3],   SO4Sat [-],  HNO3 [/cm3],   HNO3Sat[-],   Part[/cm3],     Rad[mum],    Theta1[-],    Theta2[-], 
------------------------------------------------------------------------------------------------------------------------------------------------------------------------------------------------------------------------------------------------------------
1.000000e-04, 1.000000e+00, 5.536500e+02, 3.000000e+04, 5.854089e+16, 1.583572e-05, 6.658885e-05, 4.971407e+10, 4.971407e+10, 0.000000e+00, 0.000000e+00, 5.332275e-08, 2.310986e+03, 3.688213e-94, 1.610766e+05, 2.000000e-02, 0.000000e+00, 0.000000e+00, 
1.057637e-04, 1.000000e+00, 5.536500e+02, 3.000000e+04, 5.854089e+16, 1.583572e-05, 6.658885e-05, 4.971407e+10, 4.971405e+10, 0.000000e+00, 2.005127e+04, 5.332273e-08, 2.310986e+03, 3.688213e-94, 1.610766e+05, 2.000000e-02, 4.953017e-06, 5.881473e-26, 
1.118597e-04, 1.000000e+00, 5.536500e+02, 3.000000e+04, 5.854089e+16, 1.583572e-05, 6.658885e-05, 4.971407e+10, 4.971403e+10, 0.000000e+00, 4.125813e+04, 5.332271e-08, 2.310986e+03, 3.688213e-94, 1.610766e+05, 2.000000e-02, 1.019148e-05, 1.210191e-25, 
1.183070e-04, 1.000000e+00, 5.536500e+02, 3.000000e+04, 5.854089e+16, 1.583572e-05, 6.658885e-05, 4.971407e+10, 4.971401e+10, 0.000000e+00, 6.368717e+04, 5.332269e-08, 2.310986e+03, 3.688213e-94, 1.610766e+05, 2.000000e-02, 1.573185e-05, 1.868083e-25, 
1.251259e-04, 1.000000e+00, 5.536500e+02, 3.000000e+04, 5.854089e+16, 1.583572e-05, 6.658885e-05, 4.971407e+10, 4.971399e+10, 0.000000e+00, 8.740881e+04, 5.332266e-08, 2.310986e+03, 3.688213e-94, 1.610766e+05, 2.000000e-02, 2.159151e-05, 2.563891e-25, 
1.323378e-04, 1.000000e+00, 5.536500e+02, 3.000000e+04, 5.854089e+16, 1.583572e-05, 6.658885e-05, 4.971407e+10, 4.971396e+10, 0.000000e+00, 1.124975e+05, 5.332263e-08, 2.310986e+03, 3.688213e-94, 1.610766e+05, 2.000000e-02, 2.778887e-05, 3.299799e-25, 
1.399654e-04, 1.000000e+00, 5.536500e+02, 3.000000e+04, 5.854089e+16, 1.583572e-05, 6.658885e-05, 4.971407e+10, 4.971394e+10, 0.000000e+00, 1.390321e+05, 5.332261e-08, 2.310986e+03, 3.688213e-94, 1.610766e+05, 2.000000e-02, 3.434337e-05, 4.078118e-25, 
1.480326e-04, 1.000000e+00, 5.536500e+02, 3.000000e+04, 5.854089e+16, 1.583572e-05, 6.658885e-05, 4.971407e+10, 4.971391e+10, 0.000000e+00, 1.670959e+05, 5.332258e-08, 2.310986e+03, 3.688213e-94, 1.610766e+05, 2.000000e-02, 4.127562e-05, 4.901292e-25, 
1.565648e-04, 1.000000e+00, 5.536500e+02, 3.000000e+04, 5.854089e+16, 1.583572e-05, 6.658885e-05, 4.971407e+10, 4.971388e+10, 0.000000e+00, 1.967770e+05, 5.332254e-08, 2.310986e+03, 3.688213e-94, 1.610766e+05, 2.000000e-02, 4.860736e-05, 5.771905e-25, 
1.655888e-04, 1.000000e+00, 5.536500e+02, 3.000000e+04, 5.854089e+16, 1.583572e-05, 6.658885e-05, 4.971407e+10, 4.971385e+10, 0.000000e+00, 2.281685e+05, 5.332251e-08, 2.310986e+03, 3.688213e-94, 1.610766e+05, 2.000000e-02, 5.636162e-05, 6.692690e-25, 
1.751329e-04, 1.000000e+00, 5.536500e+02, 3.000000e+04, 5.854089e+16, 1.583572e-05, 6.658885e-05, 4.971407e+10, 4.971381e+10, 0.000000e+00, 2.613691e+05, 5.332247e-08, 2.310986e+03, 3.688213e-94, 1.610766e+05, 2.000000e-02, 6.456275e-05, 7.666540e-25, 
1.852271e-04, 1.000000e+00, 5.536500e+02, 3.000000e+04, 5.854089e+16, 1.583572e-05, 6.658885e-05, 4.971407e+10, 4.971378e+10, 0.000000e+00, 2.964829e+05, 5.332244e-08, 2.310986e+03, 3.688213e-94, 1.610766e+05, 2.000000e-02, 7.323649e-05, 8.696511e-25, 
1.959031e-04, 1.000000e+00, 5.536500e+02, 3.000000e+04, 5.854089e+16, 1.583572e-05, 6.658885e-05, 4.971407e+10, 4.971374e+10, 0.000000e+00, 3.336203e+05, 5.332240e-08, 2.310986e+03, 3.688213e-94, 1.610766e+05, 2.000000e-02, 8.241007e-05, 9.785837e-25, 
2.071944e-04, 1.000000e+00, 5.536500e+02, 3.000000e+04, 5.854089e+16, 1.583572e-05, 6.658885e-05, 4.971407e+10, 4.971370e+10, 0.000000e+00, 3.728977e+05, 5.332235e-08, 2.310986e+03, 3.688213e-94, 1.610766e+05, 2.000000e-02, 9.211229e-05, 1.093794e-24, 
2.191365e-04, 1.000000e+00, 5.536500e+02, 3.000000e+04, 5.854089e+16, 1.583572e-05, 6.658885e-05, 4.971407e+10, 4.971366e+10, 0.000000e+00, 4.144386e+05, 5.332231e-08, 2.310986e+03, 3.688213e-94, 1.610766e+05, 2.000000e-02, 1.023736e-04, 1.215643e-24, 
2.317669e-04, 1.000000e+00, 5.536500e+02, 3.000000e+04, 5.854089e+16, 1.583572e-05, 6.658885e-05, 4.971407e+10, 4.971362e+10, 0.000000e+00, 4.583733e+05, 5.332226e-08, 2.310986e+03, 3.688213e-94, 1.610766e+05, 2.000000e-02, 1.132262e-04, 1.344514e-24, 
2.451254e-04, 1.000000e+00, 5.536500e+02, 3.000000e+04, 5.854089e+16, 1.583572e-05, 6.658885e-05, 4.971407e+10, 4.971357e+10, 0.000000e+00, 5.048396e+05, 5.332221e-08, 2.310986e+03, 3.688213e-94, 1.610766e+05, 2.000000e-02, 1.247042e-04, 1.480811e-24, 
2.592537e-04, 1.000000e+00, 5.536500e+02, 3.000000e+04, 5.854089e+16, 1.583572e-05, 6.658885e-05, 4.971407e+10, 4.971352e+10, 0.000000e+00, 5.539836e+05, 5.332216e-08, 2.310986e+03, 3.688213e-94, 1.610766e+05, 2.000000e-02, 1.368437e-04, 1.624963e-24, 
2.741964e-04, 1.000000e+00, 5.536500e+02, 3.000000e+04, 5.854089e+16, 1.583572e-05, 6.658885e-05, 4.971407e+10, 4.971347e+10, 0.000000e+00, 6.059593e+05, 5.332210e-08, 2.310986e+03, 3.688213e-94, 1.610766e+05, 2.000000e-02, 1.496826e-04, 1.777420e-24, 
2.900004e-04, 1.000000e+00, 5.536500e+02, 3.000000e+04, 5.854089e+16, 1.583572e-05, 6.658885e-05, 4.971407e+10, 4.971341e+10, 0.000000e+00, 6.609301e+05, 5.332205e-08, 2.310986e+03, 3.688213e-94, 1.610766e+05, 2.000000e-02, 1.632613e-04, 1.938664e-24, 
3.067152e-04, 1.000000e+00, 5.536500e+02, 3.000000e+04, 5.854089e+16, 1.583572e-05, 6.658885e-05, 4.971407e+10, 4.971336e+10, 0.000000e+00, 7.190683e+05, 5.332198e-08, 2.310986e+03, 3.688213e-94, 1.610766e+05, 2.000000e-02, 1.776225e-04, 2.109198e-24, 
3.243935e-04, 1.000000e+00, 5.536500e+02, 3.000000e+04, 5.854089e+16, 1.583572e-05, 6.658885e-05, 4.971407e+10, 4.971329e+10, 0.000000e+00, 7.805564e+05, 5.332192e-08, 2.310986e+03, 3.688213e-94, 1.610766e+05, 2.000000e-02, 1.928111e-04, 2.289559e-24, 
3.430906e-04, 1.000000e+00, 5.536500e+02, 3.000000e+04, 5.854089e+16, 1.583572e-05, 6.658885e-05, 4.971407e+10, 4.971323e+10, 0.000000e+00, 8.455875e+05, 5.332185e-08, 2.310986e+03, 3.688213e-94, 1.610766e+05, 2.000000e-02, 2.088750e-04, 2.480312e-24, 
3.628655e-04, 1.000000e+00, 5.536500e+02, 3.000000e+04, 5.854089e+16, 1.583572e-05, 6.658885e-05, 4.971407e+10, 4.971316e+10, 0.000000e+00, 9.143656e+05, 5.332177e-08, 2.310986e+03, 3.688213e-94, 1.610766e+05, 2.000000e-02, 2.258643e-04, 2.682056e-24, 
3.837801e-04, 1.000000e+00, 5.536500e+02, 3.000000e+04, 5.854089e+16, 1.583572e-05, 6.658885e-05, 4.971407e+10, 4.971309e+10, 0.000000e+00, 9.871064e+05, 5.332170e-08, 2.310986e+03, 3.688213e-94, 1.610766e+05, 2.000000e-02, 2.438326e-04, 2.895425e-24, 
4.059001e-04, 1.000000e+00, 5.536500e+02, 3.000000e+04, 5.854089e+16, 1.583572e-05, 6.658885e-05, 4.971407e+10, 4.971301e+10, 0.000000e+00, 1.064038e+06, 5.332161e-08, 2.310986e+03, 3.688213e-94, 1.610766e+05, 2.000000e-02, 2.628361e-04, 3.121088e-24, 
4.292951e-04, 1.000000e+00, 5.536500e+02, 3.000000e+04, 5.854089e+16, 1.583572e-05, 6.658885e-05, 4.971407e+10, 4.971293e+10, 0.000000e+00, 1.145403e+06, 5.332153e-08, 2.310986e+03, 3.688213e-94, 1.610766e+05, 2.000000e-02, 2.829346e-04, 3.359752e-24, 
4.540385e-04, 1.000000e+00, 5.536500e+02, 3.000000e+04, 5.854089e+16, 1.583572e-05, 6.658885e-05, 4.971407e+10, 4.971284e+10, 0.000000e+00, 1.231455e+06, 5.332143e-08, 2.310986e+03, 3.688213e-94, 1.610766e+05, 2.000000e-02, 3.041909e-04, 3.612168e-24, 
4.802081e-04, 1.000000e+00, 5.536500e+02, 3.000000e+04, 5.854089e+16, 1.583572e-05, 6.658885e-05, 4.971407e+10, 4.971275e+10, 0.000000e+00, 1.322464e+06, 5.332134e-08, 2.310986e+03, 3.688213e-94, 1.610766e+05, 2.000000e-02, 3.266719e-04, 3.879126e-24, 
5.078860e-04, 1.000000e+00, 5.536500e+02, 3.000000e+04, 5.854089e+16, 1.583572e-05, 6.658885e-05, 4.971407e+10, 4.971266e+10, 0.000000e+00, 1.418717e+06, 5.332124e-08, 2.310986e+03, 3.688214e-94, 1.610766e+05, 2.000000e-02, 3.504481e-04, 4.161464e-24, 
5.371592e-04, 1.000000e+00, 5.536500e+02, 3.000000e+04, 5.854089e+16, 1.583572e-05, 6.658886e-05, 4.971407e+10, 4.971255e+10, 0.000000e+00, 1.520515e+06, 5.332113e-08, 2.310986e+03, 3.688215e-94, 1.610766e+05, 2.000000e-02, 3.755939e-04, 4.460068e-24, 
5.681196e-04, 1.000000e+00, 5.536500e+02, 3.000000e+04, 5.854089e+16, 1.583572e-05, 6.658886e-05, 4.971407e+10, 4.971245e+10, 0.000000e+00, 1.628177e+06, 5.332102e-08, 2.310986e+03, 3.688217e-94, 1.610766e+05, 2.000000e-02, 4.021884e-04, 4.775874e-24, 
6.008645e-04, 9.999999e-01, 5.536500e+02, 3.000000e+04, 5.854089e+16, 1.583573e-05, 6.658887e-05, 4.971407e+10, 4.971233e+10, 0.000000e+00, 1.742042e+06, 5.332092e-08, 2.310986e+03, 3.688222e-94, 1.610766e+05, 2.000000e-02, 4.303149e-04, 5.109874e-24, 
6.354967e-04, 9.999999e-01, 5.536500e+02, 3.000000e+04, 5.854089e+16, 1.583573e-05, 6.658889e-05, 4.971407e+10, 4.971221e+10, 0.000000e+00, 1.862465e+06, 5.332082e-08, 2.310986e+03, 3.688233e-94, 1.610765e+05, 2.000000e-02, 4.600615e-04, 5.463115e-24, 
6.721250e-04, 9.999997e-01, 5.536499e+02, 3.000000e+04, 5.854089e+16, 1.583574e-05, 6.658893e-05, 4.971407e+10, 4.971208e+10, 0.000000e+00, 1.989825e+06, 5.332075e-08, 2.310986e+03, 3.688255e-94, 1.610765e+05, 2.000000e-02, 4.915217e-04, 5.836703e-24, 
7.108645e-04, 9.999994e-01, 5.536498e+02, 3.000000e+04, 5.854088e+16, 1.583576e-05, 6.658902e-05, 4.971406e+10, 4.971194e+10, 0.000000e+00, 2.124520e+06, 5.332075e-08, 2.310986e+03, 3.688302e-94, 1.610765e+05, 2.000000e-02, 5.247939e-04, 6.231812e-24, 
7.518368e-04, 9.999988e-01, 5.536496e+02, 3.000000e+04, 5.854086e+16, 1.583580e-05, 6.658921e-05, 4.971405e+10, 4.971178e+10, 0.000000e+00, 2.266974e+06, 5.332090e-08, 2.310986e+03, 3.688399e-94, 1.610765e+05, 2.000000e-02, 5.599826e-04, 6.649679e-24, 
7.951707e-04, 9.999974e-01, 5.536491e+02, 3.000000e+04, 5.854083e+16, 1.583589e-05, 6.658960e-05, 4.971402e+10, 4.971161e+10, 0.000000e+00, 2.417631e+06, 5.332136e-08, 2.310986e+03, 3.688604e-94, 1.610764e+05, 2.000000e-02, 5.971979e-04, 7.091615e-24, 
8.410022e-04, 9.999946e-01, 5.536482e+02, 3.000000e+04, 5.854077e+16, 1.583606e-05, 6.659041e-05, 4.971397e+10, 4.971139e+10, 0.000000e+00, 2.576964e+06, 5.332250e-08, 2.310986e+03, 3.689031e-94, 1.610762e+05, 2.000000e-02, 6.365566e-04, 7.559006e-24, 
8.894753e-04, 9.999886e-01, 5.536462e+02, 3.000000e+04, 5.854064e+16, 1.583644e-05, 6.659211e-05, 4.971385e+10, 4.971111e+10, 0.000000e+00, 2.745468e+06, 5.332506e-08, 2.310986e+03, 3.689925e-94, 1.610758e+05, 2.000000e-02, 6.781819e-04, 8.053315e-24, 
9.407423e-04, 9.999762e-01, 5.536420e+02, 3.000000e+04, 5.854036e+16, 1.583722e-05, 6.659567e-05, 4.971361e+10, 4.971069e+10, 0.000000e+00, 2.923668e+06, 5.333061e-08, 2.310986e+03, 3.691796e-94, 1.610751e+05, 2.000000e-02, 7.222040e-04, 8.576092e-24, 
9.949641e-04, 9.999503e-01, 5.536332e+02, 3.000000e+04, 5.853977e+16, 1.583886e-05, 6.660312e-05, 4.971311e+10, 4.971000e+10, 0.000000e+00, 3.112109e+06, 5.334242e-08, 2.310986e+03, 3.695715e-94, 1.610734e+05, 2.000000e-02, 7.687605e-04, 9.128976e-24, 
1.052311e-03, 9.998593e-01, 5.536025e+02, 3.000000e+04, 5.853771e+16, 1.584461e-05, 6.662923e-05, 4.971135e+10, 4.970803e+10, 0.000000e+00, 3.311308e+06, 5.338435e-08, 2.310986e+03, 3.709486e-94, 1.610677e+05, 2.000000e-02, 8.179961e-04, 9.713699e-24, 
1.112964e-03, 9.996714e-01, 5.535391e+02, 3.000000e+04, 5.853346e+16, 1.585650e-05, 6.668320e-05, 4.970770e+10, 4.970418e+10, 0.000000e+00, 3.521815e+06, 5.347126e-08, 2.310986e+03, 3.738092e-94, 1.610559e+05, 2.000000e-02, 8.700616e-04, 1.033209e-23, 
1.177112e-03, 9.993722e-01, 5.534380e+02, 3.000000e+04, 5.852670e+16, 1.587545e-05, 6.676926e-05, 4.970189e+10, 4.969815e+10, 0.000000e+00, 3.744223e+06, 5.361015e-08, 2.310986e+03, 3.784113e-94, 1.610371e+05, 2.000000e-02, 9.251155e-04, 1.098609e-23, 
1.244957e-03, 9.989445e-01, 5.532936e+02, 3.000000e+04, 5.851702e+16, 1.590261e-05, 6.689251e-05, 4.969359e+10, 4.968961e+10, 0.000000e+00, 3.979147e+06, 5.380950e-08, 2.310986e+03, 3.850901e-94, 1.610102e+05, 2.000000e-02, 9.833244e-04, 1.167775e-23, 
1.316713e-03, 9.983691e-01, 5.530993e+02, 3.000000e+04, 5.850399e+16, 1.593926e-05, 6.705875e-05, 4.968241e+10, 4.967818e+10, 0.000000e+00, 4.227219e+06, 5.407912e-08, 2.310986e+03, 3.942648e-94, 1.609740e+05, 2.000000e-02, 1.044863e-03, 1.240923e-23, 
1.392605e-03, 9.976248e-01, 5.528480e+02, 3.000000e+04, 5.848713e+16, 1.598689e-05, 6.727459e-05, 4.966794e+10, 4.966345e+10, 0.000000e+00, 4.489089e+06, 5.443039e-08, 2.310986e+03, 4.064666e-94, 1.609271e+05, 2.000000e-02, 1.109914e-03, 1.318282e-23, 
1.472871e-03, 9.966876e-01, 5.525316e+02, 3.000000e+04, 5.846587e+16, 1.604717e-05, 6.754754e-05, 4.964970e+10, 4.964493e+10, 0.000000e+00, 4.765421e+06, 5.487650e-08, 2.310986e+03, 4.223777e-94, 1.608680e+05, 2.000000e-02, 1.178669e-03, 1.400094e-23, 
1.557764e-03, 9.955314e-01, 5.521412e+02, 3.000000e+04, 5.843961e+16, 1.612206e-05, 6.788617e-05, 4.962717e+10, 4.962211e+10, 0.000000e+00, 5.056891e+06, 5.543291e-08, 2.310986e+03, 4.428875e-94, 1.607950e+05, 2.000000e-02, 1.251328e-03, 1.486615e-23, 
1.647549e-03, 9.941270e-01, 5.516670e+02, 3.000000e+04, 5.840767e+16, 1.621378e-05, 6.830031e-05, 4.959976e+10, 4.959439e+10, 0.000000e+00, 5.364181e+06, 5.611775e-08, 2.310986e+03, 4.691721e-94, 1.607062e+05, 2.000000e-02, 1.328101e-03, 1.578117e-23, 
1.742509e-03, 9.924424e-01, 5.510982e+02, 3.000000e+04, 5.836928e+16, 1.632492e-05, 6.880119e-05, 4.956681e+10, 4.956113e+10, 0.000000e+00, 5.687974e+06, 5.695248e-08, 2.310986e+03, 5.028115e-94, 1.605994e+05, 2.000000e-02, 1.409204e-03, 1.674885e-23, 
1.842943e-03, 9.904424e-01, 5.504229e+02, 3.000000e+04, 5.832359e+16, 1.645846e-05, 6.940175e-05, 4.952761e+10, 4.952159e+10, 0.000000e+00, 6.028948e+06, 5.796258e-08, 2.310986e+03, 5.459631e-94, 1.604724e+05, 2.000000e-02, 1.494863e-03, 1.777221e-23, 
1.949165e-03, 9.880885e-01, 5.496281e+02, 3.000000e+04, 5.826968e+16, 1.661789e-05, 7.011689e-05, 4.948136e+10, 4.947497e+10, 0.000000e+00, 6.387768e+06, 5.917861e-08, 2.310986e+03, 6.016240e-94, 1.603225e+05, 2.000000e-02, 1.585312e-03, 1.885447e-23, 
2.061510e-03, 9.853387e-01, 5.486996e+02, 3.000000e+04, 5.820651e+16, 1.680728e-05, 7.096386e-05, 4.942715e+10, 4.942038e+10, 0.000000e+00, 6.765074e+06, 6.063739e-08, 2.310986e+03, 6.740354e-94, 1.601469e+05, 2.000000e-02, 1.680793e-03, 1.999899e-23, 
2.180330e-03, 9.821476e-01, 5.476221e+02, 3.000000e+04, 5.813293e+16, 1.703141e-05, 7.196270e-05, 4.936401e+10, 4.935685e+10, 0.000000e+00, 7.161473e+06, 6.238372e-08, 2.310986e+03, 7.693181e-94, 1.599423e+05, 2.000000e-02, 1.781554e-03, 2.120937e-23, 
2.305998e-03, 9.784658e-01, 5.463790e+02, 3.000000e+04, 5.804767e+16, 1.729593e-05, 7.313678e-05, 4.929085e+10, 4.928327e+10, 0.000000e+00, 7.577521e+06, 6.447250e-08, 2.310986e+03, 8.964961e-94, 1.597053e+05, 2.000000e-02, 1.887852e-03, 2.248938e-23, 
2.438910e-03, 9.742406e-01, 5.449523e+02, 3.000000e+04, 5.794935e+16, 1.760757e-05, 7.451350e-05, 4.920649e+10, 4.919847e+10, 0.000000e+00, 8.013711e+06, 6.697164e-08, 2.310986e+03, 1.069183e-93, 1.594319e+05, 2.000000e-02, 1.999947e-03, 2.384301e-23, 
2.579482e-03, 9.694155e-01, 5.433232e+02, 3.000000e+04, 5.783644e+16, 1.797435e-05, 7.612514e-05, 4.910960e+10, 4.910113e+10, 0.000000e+00, 8.470453e+06, 6.996589e-08, 2.310986e+03, 1.308431e-93, 1.591180e+05, 2.000000e-02, 2.118104e-03, 2.527450e-23, 
2.728156e-03, 9.639309e-01, 5.414713e+02, 3.000000e+04, 5.770728e+16, 1.840593e-05, 7.800992e-05, 4.899877e+10, 4.898982e+10, 0.000000e+00, 8.948048e+06, 7.356211e-08, 2.310986e+03, 1.647693e-93, 1.587589e+05, 2.000000e-02, 2.242592e-03, 2.678831e-23, 
2.885400e-03, 9.577238e-01, 5.393755e+02, 3.000000e+04, 5.756002e+16, 1.891401e-05, 8.021336e-05, 4.887241e+10, 4.886297e+10, 0.000000e+00, 9.446670e+06, 7.789633e-08, 2.310986e+03, 2.141701e-93, 1.583495e+05, 2.000000e-02, 2.373680e-03, 2.838917e-23, 
3.051707e-03, 9.507288e-01, 5.370136e+02, 3.000000e+04, 5.739270e+16, 1.951288e-05, 8.279001e-05, 4.872884e+10, 4.871887e+10, 0.000000e+00, 9.966334e+06, 8.314371e-08, 2.310986e+03, 2.882901e-93, 1.578843e+05, 2.000000e-02, 2.511635e-03, 3.008206e-23, 
3.227599e-03, 9.428782e-01, 5.343628e+02, 3.000000e+04, 5.720315e+16, 2.022007e-05, 8.580562e-05, 4.856619e+10, 4.855568e+10, 0.000000e+00, 1.050687e+07, 8.953226e-08, 2.310986e+03, 4.032934e-93, 1.573573e+05, 2.000000e-02, 2.656723e-03, 3.187228e-23, 
3.413629e-03, 9.341035e-01, 5.314001e+02, 3.000000e+04, 5.698905e+16, 2.105733e-05, 8.934000e-05, 4.838247e+10, 4.837141e+10, 0.000000e+00, 1.106787e+07, 9.736242e-08, 2.310986e+03, 5.885230e-93, 1.567621e+05, 2.000000e-02, 2.809202e-03, 3.376540e-23, 
3.610381e-03, 9.243359e-01, 5.281020e+02, 3.000000e+04, 5.674790e+16, 2.205179e-05, 9.349067e-05, 4.817555e+10, 4.816390e+10, 0.000000e+00, 1.164868e+07, 1.070350e-07, 2.310986e+03, 8.994568e-93, 1.560916e+05, 2.000000e-02, 2.969321e-03, 3.576732e-23, 
3.818474e-03, 9.135079e-01, 5.244459e+02, 3.000000e+04, 5.647702e+16, 2.323762e-05, 9.837760e-05, 4.794311e+10, 4.793086e+10, 0.000000e+00, 1.224833e+07, 1.190921e-07, 2.310986e+03, 1.445704e-92, 1.553385e+05, 2.000000e-02, 3.137313e-03, 3.788428e-23, 
4.038561e-03, 9.015549e-01, 5.204100e+02, 3.000000e+04, 5.617359e+16, 2.465823e-05, 1.041495e-04, 4.768274e+10, 4.766987e+10, 0.000000e+00, 1.286553e+07, 1.342765e-07, 2.310986e+03, 2.454360e-92, 1.544949e+05, 2.000000e-02, 3.313398e-03, 4.012287e-23, 
4.271332e-03, 8.884176e-01, 5.159742e+02, 3.000000e+04, 5.583460e+16, 2.636921e-05, 1.109918e-04, 4.739187e+10, 4.737837e+10, 0.000000e+00, 1.349858e+07, 1.536219e-07, 2.310986e+03, 4.420649e-92, 1.535525e+05, 2.000000e-02, 3.497771e-03, 4.249005e-23, 
4.517521e-03, 8.740434e-01, 5.111208e+02, 3.000000e+04, 5.545697e+16, 2.844245e-05, 1.191379e-04, 4.706783e+10, 4.705368e+10, 0.000000e+00, 1.414536e+07, 1.785880e-07, 2.310986e+03, 8.485464e-92, 1.525026e+05, 2.000000e-02, 3.690600e-03, 4.499320e-23, 
4.777898e-03, 8.583902e-01, 5.058354e+02, 3.000000e+04, 5.503749e+16, 3.097172e-05, 1.288831e-04, 4.670788e+10, 4.669308e+10, 0.000000e+00, 1.480329e+07, 2.112705e-07, 2.310986e+03, 1.743611e-91, 1.513363e+05, 2.000000e-02, 3.892022e-03, 4.764010e-23, 
5.053284e-03, 8.414286e-01, 5.001084e+02, 3.000000e+04, 5.457293e+16, 3.408050e-05, 1.406040e-04, 4.630926e+10, 4.629379e+10, 0.000000e+00, 1.546930e+07, 2.547273e-07, 2.310986e+03, 3.852070e-91, 1.500447e+05, 2.000000e-02, 4.102135e-03, 5.043899e-23, 
5.344541e-03, 8.231455e-01, 4.939351e+02, 3.000000e+04, 5.406012e+16, 3.793278e-05, 1.547842e-04, 4.586923e+10, 4.585309e+10, 0.000000e+00, 1.613981e+07, 3.134987e-07, 2.310986e+03, 9.187150e-91, 1.486190e+05, 2.000000e-02, 4.320998e-03, 5.339855e-23, 
5.652586e-03, 8.035480e-01, 4.873180e+02, 3.000000e+04, 5.349602e+16, 4.274829e-05, 1.720480e-04, 4.538518e+10, 4.536837e+10, 0.000000e+00, 1.681073e+07, 3.944448e-07, 2.310986e+03, 2.374067e-90, 1.470507e+05, 2.000000e-02, 4.548621e-03, 5.652799e-23, 
5.978386e-03, 7.826665e-01, 4.802673e+02, 3.000000e+04, 5.287785e+16, 4.882380e-05, 1.932061e-04, 4.485474e+10, 4.483726e+10, 0.000000e+00, 1.747752e+07, 5.081166e-07, 2.310986e+03, 6.667072e-90, 1.453320e+05, 2.000000e-02, 4.784963e-03, 5.983704e-23, 
6.322964e-03, 7.605590e-01, 4.728027e+02, 3.000000e+04, 5.220329e+16, 5.656288e-05, 2.193153e-04, 4.427592e+10, 4.425778e+10, 0.000000e+00, 1.813520e+07, 6.710282e-07, 2.310986e+03, 2.039015e-89, 1.434566e+05, 2.000000e-02, 5.029930e-03, 6.333596e-23, 
6.687403e-03, 7.373147e-01, 4.649543e+02, 3.000000e+04, 5.147069e+16, 6.651732e-05, 2.517563e-04, 4.364729e+10, 4.362851e+10, 0.000000e+00, 1.877853e+07, 9.094673e-07, 2.310986e+03, 6.797260e-89, 1.414198e+05, 2.000000e-02, 5.283374e-03, 6.703563e-23, 
7.072847e-03, 7.130574e-01, 4.567638e+02, 3.000000e+04, 5.067932e+16, 7.944401e-05, 2.923326e-04, 4.296823e+10, 4.294883e+10, 0.000000e+00, 1.940213e+07, 1.265936e-06, 2.310986e+03, 2.468136e-88, 1.392196e+05, 2.000000e-02, 5.545096e-03, 7.094752e-23, 
7.480507e-03, 6.879487e-01, 4.482859e+02, 3.000000e+04, 4.982971e+16, 9.638095e-05, 3.433909e-04, 4.223920e+10, 4.221920e+10, 0.000000e+00, 2.000078e+07, 1.810071e-06, 2.310986e+03, 9.734891e-88, 1.368575e+05, 2.000000e-02, 5.814849e-03, 7.508377e-23, 
7.911663e-03, 6.621909e-01, 4.395888e+02, 3.000000e+04, 4.892408e+16, 1.187449e-04, 4.079568e-04, 4.146210e+10, 4.144153e+10, 0.000000e+00, 2.056974e+07, 2.657093e-06, 2.310986e+03, 4.148652e-87, 1.343397e+05, 2.000000e-02, 6.092346e-03, 7.945723e-23, 
8.367670e-03, 6.360286e-01, 4.307550e+02, 3.000000e+04, 4.796680e+16, 1.484470e-04, 4.898666e-04, 4.064068e+10, 4.061957e+10, 0.000000e+00, 2.110520e+07, 3.998498e-06, 2.310986e+03, 1.894073e-86, 1.316782e+05, 2.000000e-02, 6.377283e-03, 8.408145e-23, 
8.849960e-03, 6.097507e-01, 4.218823e+02, 3.000000e+04, 4.696493e+16, 1.880098e-04, 5.938464e-04, 3.978100e+10, 3.975939e+10, 0.000000e+00, 2.160490e+07, 6.151490e-06, 2.310986e+03, 9.149607e-86, 1.288928e+05, 2.000000e-02, 6.669353e-03, 8.897078e-23, 
9.360048e-03, 5.836918e-01, 4.130836e+02, 3.000000e+04, 4.592891e+16, 2.406380e-04, 7.254419e-04, 3.889201e+10, 3.886994e+10, 0.000000e+00, 2.206882e+07, 9.633700e-06, 2.310986e+03, 4.597004e-85, 1.260124e+05, 2.000000e-02, 6.968285e-03, 9.414037e-23, 
9.899537e-03, 5.582342e-01, 4.044878e+02, 3.000000e+04, 4.487327e+16, 3.101441e-04, 8.906221e-04, 3.798619e+10, 3.796369e+10, 0.000000e+00, 2.250013e+07, 1.526274e-05, 2.310986e+03, 2.348049e-84, 1.230775e+05, 2.000000e-02, 7.273885e-03, 9.960627e-23, 
1.047012e-02, 5.337617e-01, 3.962246e+02, 3.000000e+04, 4.381530e+16, 4.007485e-04, 1.095232e-03, 3.707837e+10, 3.705546e+10, 0.000000e+00, 2.290504e+07, 2.427670e-05, 2.310986e+03, 1.187670e-83, 1.201361e+05, 2.000000e-02, 7.586084e-03, 1.053854e-22, 
1.107359e-02, 5.103616e-01, 3.883236e+02, 3.000000e+04, 4.276158e+16, 5.181745e-04, 1.347341e-03, 3.617420e+10, 3.615091e+10, 0.000000e+00, 2.328572e+07, 3.864859e-05, 2.310986e+03, 5.894401e-83, 1.172066e+05, 2.000000e-02, 7.904929e-03, 1.114957e-22, 
1.171184e-02, 4.879874e-01, 3.807689e+02, 3.000000e+04, 4.171317e+16, 6.701132e-04, 1.657684e-03, 3.527457e+10, 3.525093e+10, 0.000000e+00, 2.364174e+07, 6.154291e-05, 2.310986e+03, 2.868468e-82, 1.142917e+05, 2.000000e-02, 8.230475e-03, 1.179561e-22, 
1.238688e-02, 4.665940e-01, 3.735455e+02, 3.000000e+04, 4.067105e+16, 8.663128e-04, 2.039249e-03, 3.438036e+10, 3.435638e+10, 0.000000e+00, 2.397276e+07, 9.795892e-05, 2.310986e+03, 1.367884e-81, 1.113944e+05, 2.000000e-02, 8.562781e-03, 1.247865e-22, 
1.310083e-02, 4.461386e-01, 3.666387e+02, 3.000000e+04, 3.963622e+16, 1.119062e-03, 2.507673e-03, 3.349239e+10, 3.346811e+10, 0.000000e+00, 2.427849e+07, 1.557608e-04, 2.310986e+03, 6.387930e-81, 1.085173e+05, 2.000000e-02, 8.901899e-03, 1.320082e-22, 
1.385592e-02, 4.265799e-01, 3.600347e+02, 3.000000e+04, 3.860963e+16, 1.443763e-03, 3.081695e-03, 3.261149e+10, 3.258694e+10, 0.000000e+00, 2.455873e+07, 2.472595e-04, 2.310986e+03, 2.919503e-80, 1.056632e+05, 2.000000e-02, 9.247883e-03, 1.396435e-22, 
1.465454e-02, 4.078786e-01, 3.537202e+02, 3.000000e+04, 3.759219e+16, 1.859604e-03, 3.783656e-03, 3.173845e+10, 3.171364e+10, 0.000000e+00, 2.481334e+07, 3.916234e-04, 2.310986e+03, 1.305048e-79, 1.028345e+05, 2.000000e-02, 9.600783e-03, 1.477161e-22, 
1.549919e-02, 3.899972e-01, 3.476826e+02, 3.000000e+04, 3.658479e+16, 2.390341e-03, 4.640046e-03, 3.087403e+10, 3.084899e+10, 0.000000e+00, 2.504227e+07, 6.185184e-04, 2.310986e+03, 5.702319e-79, 1.000337e+05, 2.000000e-02, 9.960649e-03, 1.562508e-22, 
1.639252e-02, 3.728998e-01, 3.419096e+02, 3.000000e+04, 3.558829e+16, 3.065177e-03, 5.682087e-03, 3.001895e+10, 2.999371e+10, 0.000000e+00, 2.524554e+07, 9.735576e-04, 2.310986e+03, 2.434067e-78, 9.726320e+04, 2.000000e-02, 1.032753e-02, 1.652741e-22, 
1.733734e-02, 3.565519e-01, 3.363897e+02, 3.000000e+04, 3.460349e+16, 3.919767e-03, 6.946355e-03, 2.917391e+10, 2.914849e+10, 0.000000e+00, 2.542323e+07, 1.526377e-03, 2.310986e+03, 1.014446e-77, 9.452522e+04, 2.000000e-02, 1.070147e-02, 1.748140e-22, 
1.833662e-02, 3.409206e-01, 3.311119e+02, 3.000000e+04, 3.363115e+16, 4.997307e-03, 8.475409e-03, 2.833957e+10, 2.831400e+10, 0.000000e+00, 2.557550e+07, 2.382481e-03, 2.310986e+03, 4.125851e-77, 9.182190e+04, 2.000000e-02, 1.108251e-02, 1.848999e-22, 
1.939349e-02, 3.259747e-01, 3.260654e+02, 3.000000e+04, 3.267200e+16, 6.349733e-03, 1.031843e-02, 2.751655e+10, 2.749084e+10, 0.000000e+00, 2.570256e+07, 3.700423e-03, 2.310986e+03, 1.636719e-76, 8.915526e+04, 2.000000e-02, 1.147069e-02, 1.955629e-22, 
2.051128e-02, 3.116840e-01, 3.212401e+02, 3.000000e+04, 3.172672e+16, 8.038970e-03, 1.253184e-02, 2.670542e+10, 2.667962e+10, 0.000000e+00, 2.580471e+07, 5.716447e-03, 2.310986e+03, 6.330144e-76, 8.652716e+04, 2.000000e-02, 1.186607e-02, 2.068360e-22, 
2.169350e-02, 2.980197e-01, 3.166264e+02, 3.000000e+04, 3.079593e+16, 1.013823e-02, 1.517984e-02, 2.590674e+10, 2.588085e+10, 0.000000e+00, 2.588230e+07, 8.779374e-03, 2.310986e+03, 2.385904e-75, 8.393937e+04, 2.000000e-02, 1.226867e-02, 2.187541e-22, 
2.294385e-02, 2.849546e-01, 3.122149e+02, 3.000000e+04, 2.988023e+16, 1.273333e-02, 1.833492e-02, 2.512099e+10, 2.509505e+10, 0.000000e+00, 2.593573e+07, 1.339941e-02, 2.310986e+03, 8.760530e-75, 8.139351e+04, 2.000000e-02, 1.267853e-02, 2.313540e-22, 
2.426628e-02, 2.724622e-01, 3.079969e+02, 3.000000e+04, 2.898013e+16, 1.592389e-02, 2.207820e-02, 2.434864e+10, 2.432267e+10, 0.000000e+00, 2.596548e+07, 2.031544e-02, 2.310986e+03, 3.132588e-74, 7.889105e+04, 2.000000e-02, 1.309570e-02, 2.446745e-22, 
2.566492e-02, 2.605174e-01, 3.039637e+02, 3.000000e+04, 2.809614e+16, 1.982451e-02, 2.649968e-02, 2.359010e+10, 2.356413e+10, 0.000000e+00, 2.597205e+07, 3.058667e-02, 2.310986e+03, 1.090557e-73, 7.643334e+04, 2.000000e-02, 1.352021e-02, 2.587567e-22, 
2.714418e-02, 2.490964e-01, 3.001074e+02, 3.000000e+04, 2.722868e+16, 2.456568e-02, 3.169818e-02, 2.284575e+10, 2.281980e+10, 0.000000e+00, 2.595601e+07, 4.571539e-02, 2.310986e+03, 3.695406e-73, 7.402161e+04, 2.000000e-02, 1.395210e-02, 2.736441e-22, 
2.870869e-02, 2.381760e-01, 2.964201e+02, 3.000000e+04, 2.637814e+16, 3.029450e-02, 3.778122e-02, 2.211592e+10, 2.209000e+10, 0.000000e+00, 2.591796e+07, 6.780919e-02, 2.310986e+03, 1.218599e-72, 7.165691e+04, 2.000000e-02, 1.439140e-02, 2.893827e-22, 
3.036339e-02, 2.277344e-01, 2.928945e+02, 3.000000e+04, 2.554486e+16, 3.717500e-02, 4.486443e-02, 2.140090e+10, 2.137504e+10, 0.000000e+00, 2.585856e+07, 9.979174e-02, 2.310986e+03, 3.910038e-72, 6.934021e+04, 2.000000e-02, 1.483814e-02, 3.060208e-22, 
3.211345e-02, 2.177505e-01, 2.895235e+02, 3.000000e+04, 2.472913e+16, 4.538805e-02, 5.307083e-02, 2.070094e+10, 2.067517e+10, 0.000000e+00, 2.577848e+07, 1.456723e-01, 2.310986e+03, 1.220616e-71, 6.707230e+04, 2.000000e-02, 1.529236e-02, 3.236100e-22, 
3.396438e-02, 2.082043e-01, 2.863002e+02, 3.000000e+04, 2.393120e+16, 5.513078e-02, 6.252969e-02, 2.001626e+10, 1.999058e+10, 0.000000e+00, 2.567845e+07, 2.108841e-01, 2.310986e+03, 3.707075e-71, 6.485388e+04, 2.000000e-02, 1.575408e-02, 3.422042e-22, 
3.592200e-02, 1.990766e-01, 2.832182e+02, 3.000000e+04, 2.315126e+16, 6.661542e-02, 7.337505e-02, 1.934701e+10, 1.932145e+10, 0.000000e+00, 2.555920e+07, 3.027025e-01, 2.310986e+03, 1.095301e-70, 6.268548e+04, 2.000000e-02, 1.622335e-02, 3.618609e-22, 
3.799245e-02, 1.903491e-01, 2.802714e+02, 3.000000e+04, 2.238948e+16, 8.006748e-02, 8.574390e-02, 1.869334e+10, 1.866792e+10, 0.000000e+00, 2.542150e+07, 4.307501e-01, 2.310986e+03, 3.148478e-70, 6.056755e+04, 2.000000e-02, 1.670019e-02, 3.826406e-22, 
4.018223e-02, 1.820042e-01, 2.774537e+02, 3.000000e+04, 2.164596e+16, 9.572332e-02, 9.977406e-02, 1.805534e+10, 1.803008e+10, 0.000000e+00, 2.526613e+07, 6.075967e-01, 2.310986e+03, 8.805737e-70, 5.850040e+04, 2.000000e-02, 1.718463e-02, 4.046072e-22, 
4.249823e-02, 1.740252e-01, 2.747596e+02, 3.000000e+04, 2.092077e+16, 1.138269e-01, 1.156017e-01, 1.743307e+10, 1.740798e+10, 0.000000e+00, 2.509391e+07, 8.494548e-01, 2.310986e+03, 2.396513e-69, 5.648421e+04, 2.000000e-02, 1.767671e-02, 4.278283e-22, 
4.494771e-02, 1.663959e-01, 2.721836e+02, 3.000000e+04, 2.021395e+16, 1.346262e-01, 1.333585e-01, 1.682657e+10, 1.680166e+10, 1.391025e+00, 2.490563e+07, 1.176968e+00, 2.310986e+03, 6.347626e-69, 5.451910e+04, 2.000000e-02, 1.817646e-02, 4.523755e-22, 
4.753837e-02, 1.591011e-01, 2.697205e+02, 3.000000e+04, 1.952549e+16, 1.583684e-01, 1.531690e-01, 1.623582e+10, 1.621110e+10, 1.609202e+04, 2.470212e+07, 1.616084e+00, 2.310986e+03, 1.636608e-68, 5.260502e+04, 2.000000e-02, 1.868389e-02, 4.783241e-22, 
5.027836e-02, 1.521261e-01, 2.673654e+02, 3.000000e+04, 1.885535e+16, 1.852953e-01, 1.751472e-01, 1.566078e+10, 1.563580e+10, 4.954725e+05, 2.448420e+07, 2.198985e+00, 2.310986e+03, 4.108469e-68, 5.074188e+04, 2.000000e-02, 1.919905e-02, 3.551790e-13, 
5.317627e-02, 1.454569e-01, 2.651135e+02, 3.000000e+04, 1.820345e+16, 2.156374e-01, 1.993933e-01, 1.510141e+10, 1.507388e+10, 3.274243e+06, 2.425265e+07, 2.965058e+00, 2.310986e+03, 1.004459e-67, 4.892947e+04, 2.000000e-02, 1.972191e-02, 4.284591e-09, 
5.624121e-02, 1.390801e-01, 2.629604e+02, 3.000000e+04, 1.756969e+16, 2.496088e-01, 2.259910e-01, 1.455759e+10, 1.452253e+10, 1.105631e+07, 2.400813e+07, 3.961859e+00, 2.310986e+03, 2.392375e-67, 4.716748e+04, 2.000000e-02, 2.025238e-02, 1.420189e-07, 
5.948280e-02, 1.329828e-01, 2.609017e+02, 3.000000e+04, 1.695394e+16, 2.874007e-01, 2.550042e-01, 1.402922e+10, 1.397923e+10, 2.624132e+07, 2.375120e+07, 5.246025e+00, 2.310986e+03, 5.552807e-67, 4.545553e+04, 2.000000e-02, 2.079022e-02, 1.094745e-06, 
6.291123e-02, 1.271529e-01, 2.589332e+02, 3.000000e+04, 1.635602e+16, 3.291761e-01, 2.864742e-01, 1.351616e+10, 1.344181e+10, 5.087022e+07, 2.348230e+07, 6.884068e+00, 2.310986e+03, 1.256421e-66, 4.379318e+04, 2.000000e-02, 2.133509e-02, 4.467712e-06, 
6.653726e-02, 1.215785e-01, 2.570510e+02, 3.000000e+04, 1.577574e+16, 3.750637e-01, 3.204172e-01, 1.301824e+10, 1.290767e+10, 8.736670e+07, 2.320177e+07, 8.952998e+00, 2.310986e+03, 2.772433e-66, 4.217990e+04, 2.000000e-02, 2.188648e-02, 1.286933e-05, 
7.037229e-02, 1.162485e-01, 2.552513e+02, 3.000000e+04, 1.521291e+16, 4.251530e-01, 3.568226e-01, 1.253529e+10, 1.237288e+10, 1.394931e+08, 2.290979e+07, 1.154070e+01, 2.310986e+03, 5.968481e-66, 4.061509e+04, 2.000000e-02, 2.244369e-02, 2.997169e-05, 
7.442836e-02, 1.111522e-01, 2.535305e+02, 3.000000e+04, 1.466728e+16, 4.794897e-01, 3.956509e-01, 1.206709e+10, 1.183106e+10, 2.134266e+08, 2.260633e+07, 1.474599e+01, 2.310986e+03, 1.254083e-65, 3.909811e+04, 2.000000e-02, 2.300566e-02, 6.082070e-05, 
7.871821e-02, 1.062793e-01, 2.518852e+02, 3.000000e+04, 1.413859e+16, 5.380718e-01, 4.368331e-01, 1.161344e+10, 1.127207e+10, 3.190761e+08, 2.229092e+07, 1.867829e+01, 2.310986e+03, 2.572994e-65, 3.762825e+04, 2.000000e-02, 2.357080e-02, 1.125467e-04, 
8.325532e-02, 1.016200e-01, 2.503120e+02, 3.000000e+04, 1.362658e+16, 6.008467e-01, 4.802703e-01, 1.117410e+10, 1.068052e+10, 4.716100e+08, 2.196252e+07, 2.345689e+01, 2.310986e+03, 5.157028e-65, 3.620475e+04, 2.000000e-02, 2.413665e-02, 1.956302e-04, 
8.805393e-02, 9.716497e-02, 2.488078e+02, 3.000000e+04, 1.313097e+16, 6.677093e-01, 5.258336e-01, 1.074882e+10, 1.003471e+10, 6.924924e+08, 2.161918e+07, 2.920970e+01, 2.310986e+03, 1.010211e-64, 3.482683e+04, 2.000000e-02, 2.469936e-02, 3.259593e-04, 
9.312913e-02, 9.290526e-02, 2.473695e+02, 3.000000e+04, 1.265144e+16, 7.385013e-01, 5.733652e-01, 1.033735e+10, 9.308320e+09, 1.007771e+09, 2.125775e+07, 3.607152e+01, 2.310986e+03, 1.935023e-64, 3.349364e+04, 2.000000e-02, 2.525315e-02, 5.279516e-04, 
9.849684e-02, 8.883229e-02, 2.459942e+02, 3.000000e+04, 1.218769e+16, 8.130116e-01, 6.226799e-01, 9.939417e+09, 8.479148e+09, 1.439395e+09, 2.087384e+07, 4.418183e+01, 2.310986e+03, 3.626062e-64, 3.220432e+04, 2.000000e-02, 2.578985e-02, 8.387514e-04, 
1.041739e-01, 8.493789e-02, 2.446793e+02, 3.000000e+04, 1.173940e+16, 8.909778e-01, 6.735670e-01, 9.554748e+09, 7.547030e+09, 1.987256e+09, 2.046239e+07, 5.368207e+01, 2.310986e+03, 6.650844e-64, 3.095797e+04, 2.000000e-02, 2.629932e-02, 1.312398e-03, 
1.101782e-01, 8.121422e-02, 2.434220e+02, 3.000000e+04, 1.130623e+16, 9.720891e-01, 7.257934e-01, 9.183056e+09, 6.550833e+09, 2.612204e+09, 2.001927e+07, 6.471257e+01, 2.310986e+03, 1.194624e-63, 2.975367e+04, 2.000000e-02, 2.677122e-02, 2.020345e-03, 
1.165286e-01, 7.765379e-02, 2.422198e+02, 3.000000e+04, 1.088785e+16, 1.055990e+00, 7.791057e-01, 8.824051e+09, 5.561906e+09, 3.242601e+09, 1.954323e+07, 7.740902e+01, 2.310986e+03, 2.102427e-63, 2.859047e+04, 2.000000e-02, 2.719792e-02, 3.042292e-03, 
1.232450e-01, 7.424945e-02, 2.410703e+02, 3.000000e+04, 1.048390e+16, 1.142285e+00, 8.332348e-01, 8.477435e+09, 4.651188e+09, 3.807211e+09, 1.903686e+07, 9.189878e+01, 2.310986e+03, 3.627190e-63, 2.746741e+04, 2.000000e-02, 2.757644e-02, 4.445095e-03, 
1.303485e-01, 7.099435e-02, 2.399712e+02, 3.000000e+04, 1.009405e+16, 1.230543e+00, 8.878987e-01, 8.142910e+09, 3.860705e+09, 4.263699e+09, 1.850575e+07, 1.082970e+02, 2.310986e+03, 6.137676e-63, 2.638353e+04, 2.000000e-02, 2.790836e-02, 6.260349e-03, 
1.378615e-01, 6.788196e-02, 2.389203e+02, 3.000000e+04, 9.717927e+15, 1.320306e+00, 9.428071e-01, 7.820172e+09, 3.200335e+09, 4.601880e+09, 1.795679e+07, 1.267028e+02, 2.310986e+03, 1.019171e-62, 2.533784e+04, 2.000000e-02, 2.819809e-02, 8.477162e-03, 
1.458074e-01, 6.490602e-02, 2.379155e+02, 3.000000e+04, 9.355191e+15, 1.411093e+00, 9.976648e-01, 7.508917e+09, 2.659917e+09, 4.831603e+09, 1.739680e+07, 1.471956e+02, 2.310986e+03, 1.661594e-62, 2.432936e+04, 2.000000e-02, 2.845112e-02, 1.105270e-02, 
1.542114e-01, 6.206054e-02, 2.369547e+02, 3.000000e+04, 9.005480e+15, 1.502410e+00, 1.052176e+00, 7.208838e+09, 2.235626e+09, 4.956380e+09, 1.683235e+07, 1.698317e+02, 2.310986e+03, 2.661101e-62, 2.335708e+04, 2.008105e-02, 2.867336e-02, 1.392877e-02, 
1.630997e-01, 5.933981e-02, 2.360361e+02, 3.000000e+04, 8.668438e+15, 1.593754e+00, 1.106049e+00, 6.919630e+09, 1.907473e+09, 4.995887e+09, 1.627065e+07, 1.946411e+02, 2.310986e+03, 4.188698e-62, 2.242003e+04, 2.028853e-02, 2.887141e-02, 1.704461e-02, 
1.725003e-01, 5.673836e-02, 2.351577e+02, 3.000000e+04, 8.343708e+15, 1.684621e+00, 1.158998e+00, 6.640988e+09, 1.645219e+09, 4.980053e+09, 1.571620e+07, 2.216255e+02, 2.310986e+03, 6.483346e-62, 2.151721e+04, 2.056376e-02, 2.905015e-02, 2.033385e-02, 
1.824428e-01, 5.425095e-02, 2.343178e+02, 3.000000e+04, 8.030938e+15, 1.774515e+00, 1.210750e+00, 6.372607e+09, 1.431033e+09, 4.926402e+09, 1.517185e+07, 2.507563e+02, 2.310986e+03, 9.872807e-62, 2.064765e+04, 2.091108e-02, 2.921301e-02, 2.373708e-02, 
1.929583e-01, 5.187259e-02, 2.335148e+02, 3.000000e+04, 7.729775e+15, 1.862950e+00, 1.261042e+00, 6.114187e+09, 1.253377e+09, 4.846171e+09, 1.463956e+07, 2.819734e+02, 2.310986e+03, 1.479857e-61, 1.981035e+04, 2.133446e-02, 2.936252e-02, 2.721174e-02, 
2.040799e-01, 4.959850e-02, 2.327469e+02, 3.000000e+04, 7.439872e+15, 1.949461e+00, 1.309631e+00, 5.865428e+09, 1.104277e+09, 4.747031e+09, 1.412074e+07, 3.151849e+02, 2.310986e+03, 2.184492e-61, 1.900436e+04, 2.183766e-02, 2.950066e-02, 3.075475e-02, 
2.158425e-01, 4.742410e-02, 2.320127e+02, 3.000000e+04, 7.160883e+15, 2.033607e+00, 1.356292e+00, 5.626036e+09, 9.779652e+08, 4.634454e+09, 1.361634e+07, 3.502680e+02, 2.310986e+03, 3.177186e-61, 1.822871e+04, 2.242430e-02, 2.962901e-02, 3.436444e-02, 
2.282831e-01, 4.534503e-02, 2.313107e+02, 3.000000e+04, 6.892468e+15, 2.114975e+00, 1.400821e+00, 5.395716e+09, 8.701229e+08, 4.512466e+09, 1.312704e+07, 3.870695e+02, 2.310986e+03, 4.555163e-61, 1.748246e+04, 2.309791e-02, 2.974883e-02, 3.803904e-02, 
2.414407e-01, 4.335710e-02, 2.306395e+02, 3.000000e+04, 6.634293e+15, 2.193185e+00, 1.443035e+00, 5.174183e+09, 7.774342e+08, 4.384096e+09, 1.265328e+07, 4.254084e+02, 2.310986e+03, 6.440764e-61, 1.676468e+04, 2.386195e-02, 2.986120e-02, 4.177669e-02, 
2.553567e-01, 4.145633e-02, 2.299977e+02, 3.000000e+04, 6.386019e+15, 2.267891e+00, 1.482776e+00, 4.961153e+09, 6.973010e+08, 4.251656e+09, 1.219643e+07, 4.650778e+02, 2.310986e+03, 8.985512e-61, 1.607445e+04, 2.644917e-02, 2.996700e-02, 4.557543e-02, 
2.700748e-01, 3.963889e-02, 2.293841e+02, 3.000000e+04, 6.147295e+15, 2.338776e+00, 1.519901e+00, 4.756347e+09, 6.276345e+08, 4.116929e+09, 1.178335e+07, 5.058459e+02, 2.310986e+03, 1.237417e-60, 1.541087e+04, 3.462924e-02, 3.006697e-02, 4.943321e-02, 
2.856412e-01, 3.790112e-02, 2.287973e+02, 3.000000e+04, 5.917810e+15, 2.405578e+00, 1.554304e+00, 4.559492e+09, 5.667644e+08, 3.981299e+09, 1.142895e+07, 5.474622e+02, 2.310986e+03, 1.682861e-60, 1.477305e+04, 4.319022e-02, 3.016177e-02, 5.334793e-02, 
3.021048e-01, 3.623953e-02, 2.282363e+02, 3.000000e+04, 5.697246e+15, 2.468067e+00, 1.585895e+00, 4.370321e+09, 5.133400e+08, 3.845844e+09, 1.113694e+07, 5.896618e+02, 2.310986e+03, 2.261137e-60, 1.416012e+04, 5.211250e-02, 3.025193e-02, 5.731742e-02, 
3.195173e-01, 3.465079e-02, 2.276998e+02, 3.000000e+04, 5.485290e+15, 2.526055e+00, 1.614609e+00, 4.188571e+09, 4.662527e+08, 3.711409e+09, 1.090992e+07, 6.321690e+02, 2.310986e+03, 3.002858e-60, 1.357124e+04, 6.138136e-02, 3.033792e-02, 6.133946e-02, 
3.379334e-01, 3.313171e-02, 2.271869e+02, 3.000000e+04, 5.281635e+15, 2.579396e+00, 1.640406e+00, 4.013987e+09, 4.245856e+08, 3.578652e+09, 1.074955e+07, 6.747015e+02, 2.310986e+03, 3.943215e-60, 1.300558e+04, 7.098498e-02, 3.042018e-02, 6.541179e-02, 
3.574110e-01, 3.167921e-02, 2.266965e+02, 3.000000e+04, 5.085984e+15, 2.627981e+00, 1.663264e+00, 3.846317e+09, 3.875755e+08, 3.448085e+09, 1.065666e+07, 7.169750e+02, 2.310986e+03, 5.122099e-60, 1.246232e+04, 8.091347e-02, 3.049904e-02, 6.953214e-02, 
3.780112e-01, 3.029040e-02, 2.262276e+02, 3.000000e+04, 4.898042e+15, 2.671740e+00, 1.683185e+00, 3.685319e+09, 3.545834e+08, 3.320104e+09, 1.063138e+07, 7.587072e+02, 2.310986e+03, 6.584105e-60, 1.194067e+04, 9.115837e-02, 3.057482e-02, 7.369821e-02, 
3.997988e-01, 2.896247e-02, 2.257792e+02, 3.000000e+04, 4.717528e+15, 2.710640e+00, 1.700187e+00, 3.530752e+09, 3.250715e+08, 3.195008e+09, 1.067325e+07, 7.996220e+02, 2.310986e+03, 8.378411e-60, 1.143987e+04, 1.017123e-01, 3.064780e-02, 7.790768e-02, 
4.228421e-01, 2.769275e-02, 2.253505e+02, 3.000000e+04, 4.544162e+15, 2.744683e+00, 1.714308e+00, 3.382387e+09, 2.985848e+08, 3.073021e+09, 1.078129e+07, 8.394532e+02, 2.310986e+03, 1.055852e-59, 1.095916e+04, 1.125686e-01, 3.071823e-02, 8.215826e-02, 
4.472136e-01, 2.647870e-02, 2.249405e+02, 3.000000e+04, 4.377676e+15, 2.773899e+00, 1.725600e+00, 3.239998e+09, 2.747369e+08, 2.954307e+09, 1.095408e+07, 8.779481e+02, 2.310986e+03, 1.318186e-59, 1.049781e+04, 1.237214e-01, 3.078630e-02, 8.644764e-02, 
4.729898e-01, 2.531788e-02, 2.245486e+02, 3.000000e+04, 4.217809e+15, 2.798353e+00, 1.734131e+00, 3.103364e+09, 2.531980e+08, 2.838976e+09, 1.118980e+07, 9.148700e+02, 2.310986e+03, 1.630924e-59, 1.005511e+04, 1.351656e-01, 3.085222e-02, 9.077354e-02, 
5.002517e-01, 2.420794e-02, 2.241738e+02, 3.000000e+04, 4.064305e+15, 2.818131e+00, 1.739982e+00, 2.972274e+09, 2.336858e+08, 2.727102e+09, 1.148630e+07, 9.500013e+02, 2.310986e+03, 2.000420e-59, 9.630366e+03, 1.468960e-01, 3.091614e-02, 9.513372e-02, 
5.290848e-01, 2.314667e-02, 2.238155e+02, 3.000000e+04, 3.916920e+15, 2.833347e+00, 1.743243e+00, 2.846520e+09, 2.159578e+08, 2.618721e+09, 1.184111e+07, 9.831454e+02, 2.310986e+03, 2.433218e-59, 9.222916e+03, 1.589083e-01, 3.097821e-02, 9.952595e-02, 
5.595798e-01, 2.213192e-02, 2.234728e+02, 3.000000e+04, 3.775414e+15, 2.844134e+00, 1.744015e+00, 2.725902e+09, 1.998046e+08, 2.513846e+09, 1.225149e+07, 1.014128e+03, 2.310986e+03, 2.935967e-59, 8.832106e+03, 1.711982e-01, 3.103856e-02, 1.039481e-01, 
5.918325e-01, 2.116166e-02, 2.231452e+02, 3.000000e+04, 3.639557e+15, 2.850641e+00, 1.742406e+00, 2.610225e+09, 1.850455e+08, 2.412465e+09, 1.271445e+07, 1.042799e+03, 2.310986e+03, 3.515322e-59, 8.457307e+03, 1.837617e-01, 3.109729e-02, 1.083979e-01, 
6.259442e-01, 2.023393e-02, 2.228320e+02, 3.000000e+04, 3.509126e+15, 2.853037e+00, 1.738531e+00, 2.499302e+09, 1.715235e+08, 2.314552e+09, 1.322675e+07, 1.069033e+03, 2.310986e+03, 4.177843e-59, 8.097909e+03, 1.965948e-01, 3.115449e-02, 1.128734e-01, 
6.620219e-01, 1.934688e-02, 2.225325e+02, 3.000000e+04, 3.383905e+15, 2.851501e+00, 1.732509e+00, 2.392949e+09, 1.591021e+08, 2.220062e+09, 1.378493e+07, 1.092727e+03, 2.310986e+03, 4.929887e-59, 7.753321e+03, 2.096939e-01, 3.121026e-02, 1.173725e-01, 
7.001791e-01, 1.849871e-02, 2.222461e+02, 3.000000e+04, 3.263685e+15, 2.846222e+00, 1.724463e+00, 2.290991e+09, 1.476626e+08, 2.128943e+09, 1.438528e+07, 1.113806e+03, 2.310986e+03, 5.777508e-59, 7.422970e+03, 2.230551e-01, 3.126466e-02, 1.218932e-01, 
7.405355e-01, 1.768773e-02, 2.219723e+02, 3.000000e+04, 3.148267e+15, 2.837397e+00, 1.714519e+00, 2.193257e+09, 1.371010e+08, 2.041132e+09, 1.502389e+07, 1.132216e+03, 2.310986e+03, 6.726352e-59, 7.106305e+03, 2.366746e-01, 3.131775e-02, 1.264336e-01, 
7.832180e-01, 1.691230e-02, 2.217104e+02, 3.000000e+04, 3.037457e+15, 2.825229e+00, 1.702803e+00, 2.099582e+09, 1.273266e+08, 1.956558e+09, 1.569663e+07, 1.147928e+03, 2.310986e+03, 7.781562e-59, 6.802791e+03, 2.505487e-01, 3.136957e-02, 1.309919e-01, 
8.283606e-01, 1.617086e-02, 2.214601e+02, 3.000000e+04, 2.931069e+15, 2.809926e+00, 1.689441e+00, 2.009806e+09, 1.182598e+08, 1.875147e+09, 1.639913e+07, 1.160934e+03, 2.310986e+03, 8.947691e-59, 6.511912e+03, 2.646733e-01, 3.142017e-02, 1.355662e-01, 
8.761051e-01, 1.546193e-02, 2.212207e+02, 3.000000e+04, 2.828923e+15, 2.791696e+00, 1.674560e+00, 1.923776e+09, 1.098308e+08, 1.796818e+09, 1.712682e+07, 1.171248e+03, 2.310986e+03, 1.022862e-58, 6.233170e+03, 2.790443e-01, 3.146957e-02, 1.401548e-01, 
9.266014e-01, 1.478408e-02, 2.209918e+02, 3.000000e+04, 2.730848e+15, 2.770747e+00, 1.658283e+00, 1.841343e+09, 1.019784e+08, 1.721490e+09, 1.787490e+07, 1.178903e+03, 2.310986e+03, 1.162750e-58, 5.966082e+03, 2.936572e-01, 3.151779e-02, 1.447562e-01, 
9.800082e-01, 1.413595e-02, 2.207730e+02, 3.000000e+04, 2.636677e+15, 2.747288e+00, 1.640733e+00, 1.762364e+09, 9.464878e+07, 1.649077e+09, 1.863837e+07, 1.183949e+03, 2.310986e+03, 1.314670e-58, 5.710186e+03, 3.085076e-01, 3.156484e-02, 1.493685e-01, 
1.036493e+00, 1.351623e-02, 2.205638e+02, 3.000000e+04, 2.546253e+15, 2.721522e+00, 1.622030e+00, 1.686701e+09, 8.779487e+07, 1.579494e+09, 1.941200e+07, 1.186453e+03, 2.310986e+03, 1.478775e-58, 5.465034e+03, 3.235905e-01, 3.161073e-02, 1.539905e-01, 
1.096234e+00, 1.292368e-02, 2.203637e+02, 3.000000e+04, 2.459422e+15, 2.693652e+00, 1.602288e+00, 1.614221e+09, 8.137527e+07, 1.512655e+09, 2.019038e+07, 1.186497e+03, 2.310986e+03, 1.655134e-58, 5.230193e+03, 3.389005e-01, 3.165546e-02, 1.586204e-01, 
1.159418e+00, 1.235710e-02, 2.201724e+02, 3.000000e+04, 2.376039e+15, 2.663873e+00, 1.581621e+00, 1.544795e+09, 7.535378e+07, 1.448473e+09, 2.096791e+07, 1.184175e+03, 2.310986e+03, 1.843730e-58, 5.005249e+03, 3.544320e-01, 3.169902e-02, 1.632571e-01, 
1.226244e+00, 1.181537e-02, 2.199895e+02, 3.000000e+04, 2.295964e+15, 2.632379e+00, 1.560136e+00, 1.478300e+09, 6.969871e+07, 1.386862e+09, 2.173882e+07, 1.179592e+03, 2.310986e+03, 2.044461e-58, 4.789801e+03, 3.701789e-01, 3.174138e-02, 1.678990e-01, 
1.296921e+00, 1.129738e-02, 2.198146e+02, 3.000000e+04, 2.219063e+15, 2.599354e+00, 1.537938e+00, 1.414616e+09, 6.438243e+07, 1.327736e+09, 2.249723e+07, 1.172861e+03, 2.310986e+03, 2.257138e-58, 4.583462e+03, 3.861344e-01, 3.178255e-02, 1.725450e-01, 
1.371672e+00, 1.080211e-02, 2.196473e+02, 3.000000e+04, 2.145209e+15, 2.564977e+00, 1.515127e+00, 1.353629e+09, 5.938088e+07, 1.271011e+09, 2.323715e+07, 1.164105e+03, 2.310986e+03, 2.481496e-58, 4.385862e+03, 4.022916e-01, 3.182248e-02, 1.771939e-01, 
1.450732e+00, 1.032854e-02, 2.194874e+02, 3.000000e+04, 2.074279e+15, 2.529421e+00, 1.491798e+00, 1.295230e+09, 5.467319e+07, 1.216604e+09, 2.395254e+07, 1.153452e+03, 2.310986e+03, 2.717189e-58, 4.196643e+03, 4.186425e-01, 3.186115e-02, 1.818444e-01, 
1.534348e+00, 9.875740e-03, 2.193345e+02, 3.000000e+04, 2.006156e+15, 2.492850e+00, 1.468041e+00, 1.239310e+09, 5.024128e+07, 1.164432e+09, 2.463737e+07, 1.141033e+03, 2.310986e+03, 2.963802e-58, 4.015462e+03, 4.351788e-01, 3.189854e-02, 1.864955e-01, 
1.622784e+00, 9.442787e-03, 2.191884e+02, 3.000000e+04, 1.940731e+15, 2.455423e+00, 1.443943e+00, 1.185770e+09, 4.606953e+07, 1.114415e+09, 2.528564e+07, 1.126985e+03, 2.310986e+03, 3.220852e-58, 3.841987e+03, 4.518915e-01, 3.193461e-02, 1.911461e-01, 
1.716317e+00, 9.028816e-03, 2.190486e+02, 3.000000e+04, 1.877896e+15, 2.417291e+00, 1.419585e+00, 1.134509e+09, 4.214447e+07, 1.066473e+09, 2.589153e+07, 1.111442e+03, 2.310986e+03, 3.487797e-58, 3.675901e+03, 4.687709e-01, 3.196933e-02, 1.957953e-01, 
1.815240e+00, 8.632993e-03, 2.189149e+02, 3.000000e+04, 1.817551e+15, 2.378597e+00, 1.395045e+00, 1.085435e+09, 3.845447e+07, 1.020531e+09, 2.644940e+07, 1.094544e+03, 2.310986e+03, 3.764043e-58, 3.516897e+03, 4.858065e-01, 3.200267e-02, 2.004420e-01, 
1.919866e+00, 8.254523e-03, 2.187871e+02, 3.000000e+04, 1.759601e+15, 2.339478e+00, 1.370396e+00, 1.038456e+09, 3.498948e+07, 9.765130e+08, 2.695389e+07, 1.076425e+03, 2.310986e+03, 4.048948e-58, 3.364683e+03, 5.029869e-01, 3.203460e-02, 2.050855e-01, 
2.030522e+00, 7.892645e-03, 2.186650e+02, 3.000000e+04, 1.703953e+15, 2.300061e+00, 1.345706e+00, 9.934856e+08, 3.174071e+07, 9.343449e+08, 2.740004e+07, 1.057221e+03, 2.310986e+03, 4.341834e-58, 3.218975e+03, 5.203003e-01, 3.206507e-02, 2.097249e-01, 
2.147556e+00, 7.546632e-03, 2.185481e+02, 3.000000e+04, 1.650523e+15, 2.260470e+00, 1.321039e+00, 9.504394e+08, 2.870043e+07, 8.939557e+08, 2.778334e+07, 1.037063e+03, 2.310986e+03, 4.641993e-58, 3.079503e+03, 5.377335e-01, 3.209408e-02, 2.143593e-01, 
2.271335e+00, 7.215788e-03, 2.184364e+02, 3.000000e+04, 1.599228e+15, 2.220820e+00, 1.296458e+00, 9.092373e+08, 2.586167e+07, 8.552758e+08, 2.809983e+07, 1.016079e+03, 2.310986e+03, 4.948690e-58, 2.946006e+03, 5.552729e-01, 3.212160e-02, 2.189880e-01, 
2.402249e+00, 6.899448e-03, 2.183296e+02, 3.000000e+04, 1.549989e+15, 2.181219e+00, 1.272017e+00, 8.698021e+08, 2.321805e+07, 8.182378e+08, 2.834619e+07, 9.943921e+02, 2.310986e+03, 5.261178e-58, 2.818233e+03, 5.729037e-01, 3.214761e-02, 2.236104e-01, 
2.540708e+00, 6.596976e-03, 2.182275e+02, 3.000000e+04, 1.502734e+15, 2.141769e+00, 1.247772e+00, 8.320596e+08, 2.076353e+07, 7.827762e+08, 2.851979e+07, 9.721206e+02, 2.310986e+03, 5.578698e-58, 2.695945e+03, 5.906105e-01, 3.217210e-02, 2.282257e-01, 
2.687148e+00, 6.307765e-03, 2.181298e+02, 3.000000e+04, 1.457392e+15, 2.102568e+00, 1.223771e+00, 7.959386e+08, 1.849223e+07, 7.488276e+08, 2.861882e+07, 9.493771e+02, 2.310986e+03, 5.900488e-58, 2.578911e+03, 6.083766e-01, 3.219507e-02, 2.328332e-01, 
2.842028e+00, 6.031233e-03, 2.180364e+02, 3.000000e+04, 1.413898e+15, 2.063704e+00, 1.200061e+00, 7.613710e+08, 1.639827e+07, 7.163304e+08, 2.864224e+07, 9.262677e+02, 2.310986e+03, 6.225791e-58, 2.466910e+03, 6.261847e-01, 3.221651e-02, 2.374325e-01, 
3.005834e+00, 5.766824e-03, 2.179472e+02, 3.000000e+04, 1.372189e+15, 2.025263e+00, 1.176685e+00, 7.282910e+08, 1.447563e+07, 6.852255e+08, 2.858991e+07, 9.028921e+02, 2.310986e+03, 6.553856e-58, 2.359729e+03, 6.440164e-01, 3.223645e-02, 2.420230e-01, 
3.179083e+00, 5.514006e-03, 2.178618e+02, 3.000000e+04, 1.332205e+15, 1.987324e+00, 1.153685e+00, 6.966360e+08, 1.271801e+07, 6.554554e+08, 2.846256e+07, 8.793430e+02, 2.310986e+03, 6.883950e-58, 2.257165e+03, 6.618524e-01, 3.225491e-02, 2.466040e-01, 
3.362317e+00, 5.272272e-03, 2.177802e+02, 3.000000e+04, 1.293891e+15, 1.949959e+00, 1.131096e+00, 6.663455e+08, 1.111882e+07, 6.269649e+08, 2.826179e+07, 8.557064e+02, 2.310986e+03, 7.215354e-58, 2.159022e+03, 6.796726e-01, 3.227190e-02, 2.511752e-01, 
3.556111e+00, 5.041136e-03, 2.177021e+02, 3.000000e+04, 1.257193e+15, 1.913238e+00, 1.108954e+00, 6.373617e+08, 9.671034e+06, 5.997006e+08, 2.799005e+07, 8.320607e+02, 2.310986e+03, 7.547373e-58, 2.065113e+03, 6.974559e-01, 3.228747e-02, 2.557360e-01, 
3.761076e+00, 4.820133e-03, 2.176275e+02, 3.000000e+04, 1.222060e+15, 1.877223e+00, 1.087291e+00, 6.096291e+08, 8.367268e+06, 5.736113e+08, 2.765060e+07, 8.084776e+02, 2.310986e+03, 7.879340e-58, 1.975257e+03, 7.151805e-01, 3.230166e-02, 2.602860e-01, 
3.977855e+00, 4.608818e-03, 2.175562e+02, 3.000000e+04, 1.188445e+15, 1.841975e+00, 1.066136e+00, 5.830945e+08, 7.199721e+06, 5.486474e+08, 2.724741e+07, 7.850215e+02, 2.310986e+03, 8.210613e-58, 1.889284e+03, 7.328236e-01, 3.231453e-02, 2.648248e-01, 
4.207127e+00, 4.406768e-03, 2.174879e+02, 3.000000e+04, 1.156302e+15, 1.807545e+00, 1.045515e+00, 5.577069e+08, 6.160246e+06, 5.247616e+08, 2.678514e+07, 7.617501e+02, 2.310986e+03, 8.540583e-58, 1.807026e+03, 7.503617e-01, 3.232613e-02, 2.693520e-01, 
4.449615e+00, 4.213575e-03, 2.174227e+02, 3.000000e+04, 1.125587e+15, 1.773984e+00, 1.025453e+00, 5.334174e+08, 5.240400e+06, 5.019081e+08, 2.626896e+07, 7.387146e+02, 2.310986e+03, 8.868676e-58, 1.728327e+03, 7.677707e-01, 3.233653e-02, 2.738672e-01, 
4.706079e+00, 4.028852e-03, 2.173603e+02, 3.000000e+04, 1.096258e+15, 1.741335e+00, 1.005971e+00, 5.101791e+08, 4.431526e+06, 4.800431e+08, 2.570449e+07, 7.159597e+02, 2.310986e+03, 9.194349e-58, 1.653034e+03, 7.850258e-01, 3.234579e-02, 2.783701e-01, 
4.977325e+00, 3.852228e-03, 2.173007e+02, 3.000000e+04, 1.068250e+15, 1.709600e+00, 9.870654e-01, 4.879471e+08, 3.724834e+06, 4.591246e+08, 2.509767e+07, 6.935245e+02, 2.310986e+03, 9.517096e-58, 1.581001e+03, 8.021653e-01, 3.235400e-02, 2.828605e-01, 
5.264204e+00, 3.683346e-03, 2.172437e+02, 3.000000e+04, 1.041455e+15, 1.678699e+00, 9.686875e-01, 4.666784e+08, 3.111366e+06, 4.391122e+08, 2.445479e+07, 6.714420e+02, 2.310986e+03, 9.836448e-58, 1.512089e+03, 8.193440e-01, 3.236123e-02, 2.873379e-01, 
5.567619e+00, 3.521868e-03, 2.171892e+02, 3.000000e+04, 1.015823e+15, 1.648644e+00, 9.508409e-01, 4.463316e+08, 2.582269e+06, 4.199672e+08, 2.378215e+07, 6.497405e+02, 2.310986e+03, 1.015197e-57, 1.446164e+03, 8.365634e-01, 3.236755e-02, 2.918022e-01, 
5.888521e+00, 3.367470e-03, 2.171370e+02, 3.000000e+04, 9.913151e+14, 1.619449e+00, 9.335307e-01, 4.268673e+08, 2.128991e+06, 4.016524e+08, 2.308591e+07, 6.284435e+02, 2.310986e+03, 1.046327e-57, 1.383098e+03, 8.538159e-01, 3.237304e-02, 2.962530e-01, 
6.227920e+00, 3.219840e-03, 2.170872e+02, 3.000000e+04, 9.678894e+14, 1.591127e+00, 9.167609e-01, 4.082475e+08, 1.743357e+06, 3.841322e+08, 2.237197e+07, 6.075709e+02, 2.310986e+03, 1.076998e-57, 1.322769e+03, 8.710936e-01, 3.237779e-02, 3.006902e-01, 
6.586881e+00, 3.078682e-03, 2.170395e+02, 3.000000e+04, 9.455076e+14, 1.563686e+00, 9.005334e-01, 3.904360e+08, 1.417614e+06, 3.673725e+08, 2.164589e+07, 5.871384e+02, 2.310986e+03, 1.107178e-57, 1.265059e+03, 8.883884e-01, 3.238185e-02, 3.051135e-01, 
6.966531e+00, 2.943713e-03, 2.169939e+02, 3.000000e+04, 9.241327e+14, 1.537132e+00, 8.848492e-01, 3.733981e+08, 1.144484e+06, 3.513407e+08, 2.091290e+07, 5.671590e+02, 2.310986e+03, 1.136838e-57, 1.209855e+03, 9.056926e-01, 3.238532e-02, 3.095228e-01, 
7.368063e+00, 2.814661e-03, 2.169504e+02, 3.000000e+04, 9.037287e+14, 1.511467e+00, 8.697077e-01, 3.571004e+08, 9.172036e+05, 3.360054e+08, 2.017778e+07, 5.476423e+02, 2.310986e+03, 1.165951e-57, 1.157049e+03, 9.229981e-01, 3.238824e-02, 3.139179e-01, 
7.792738e+00, 2.691266e-03, 2.169087e+02, 3.000000e+04, 8.842610e+14, 1.486694e+00, 8.551070e-01, 3.415111e+08, 7.295460e+05, 3.213367e+08, 1.944487e+07, 5.285957e+02, 2.310986e+03, 1.194496e-57, 1.106539e+03, 9.402974e-01, 3.239069e-02, 3.182985e-01, 
8.241891e+00, 2.574531e-03, 2.168695e+02, 3.000000e+04, 8.658214e+14, 1.462896e+00, 8.410996e-01, 3.267572e+08, 5.761032e+05, 3.074540e+08, 1.872708e+07, 5.101901e+02, 2.310983e+03, 1.221972e-57, 1.058736e+03, 9.575834e-01, 3.239274e-02, 3.226646e-01, 
8.716931e+00, 2.469665e-03, 2.168347e+02, 3.000000e+04, 8.488984e+14, 1.440628e+00, 8.280160e-01, 3.134985e+08, 4.524402e+05, 2.949782e+08, 1.806781e+07, 4.933144e+02, 2.310977e+03, 1.246987e-57, 1.015777e+03, 9.748673e-01, 3.239443e-02, 3.270161e-01, 
9.219352e+00, 2.375254e-03, 2.168033e+02, 3.000000e+04, 8.332837e+14, 1.419729e+00, 8.157560e-01, 3.015578e+08, 3.530431e+05, 2.837427e+08, 1.746209e+07, 4.778628e+02, 2.310972e+03, 1.269892e-57, 9.770882e+02, 9.921729e-01, 3.239582e-02, 3.313528e-01, 
9.750731e+00, 2.289438e-03, 2.167749e+02, 3.000000e+04, 8.187386e+14, 1.399954e+00, 8.041723e-01, 2.907012e+08, 2.733889e+05, 2.735271e+08, 1.690065e+07, 4.636039e+02, 2.310965e+03, 1.291021e-57, 9.419121e+02, 1.009516e+00, 3.239695e-02, 3.356746e-01, 
1.031274e+01, 2.210805e-03, 2.167490e+02, 3.000000e+04, 8.050826e+14, 1.381118e+00, 7.931526e-01, 2.807507e+08, 2.098694e+05, 2.641642e+08, 1.637658e+07, 4.503579e+02, 2.310959e+03, 1.310631e-57, 9.096718e+02, 1.026906e+00, 3.239787e-02, 3.399816e-01, 
1.090714e+01, 2.138258e-03, 2.167252e+02, 3.000000e+04, 7.921772e+14, 1.363076e+00, 7.826103e-01, 2.715681e+08, 1.595495e+05, 2.555238e+08, 1.588466e+07, 4.379822e+02, 2.310952e+03, 1.328926e-57, 8.799196e+02, 1.044346e+00, 3.239861e-02, 3.442735e-01, 
1.153579e+01, 2.070930e-03, 2.167031e+02, 3.000000e+04, 7.799144e+14, 1.345717e+00, 7.724783e-01, 2.630441e+08, 1.200086e+05, 2.475032e+08, 1.542085e+07, 4.263621e+02, 2.310945e+03, 1.346071e-57, 8.523014e+02, 1.061834e+00, 3.239919e-02, 3.485503e-01, 
1.220069e+01, 2.008123e-03, 2.166826e+02, 3.000000e+04, 7.682093e+14, 1.328953e+00, 7.627040e-01, 2.550909e+08, 8.923164e+04, 2.400197e+08, 1.498198e+07, 4.154039e+02, 2.310937e+03, 1.362199e-57, 8.265326e+02, 1.079362e+00, 3.239965e-02, 3.528121e-01, 
1.290390e+01, 1.949270e-03, 2.166635e+02, 3.000000e+04, 7.569950e+14, 1.312717e+00, 7.532463e-01, 2.476369e+08, 6.553387e+04, 2.330059e+08, 1.456551e+07, 4.050300e+02, 2.310929e+03, 1.377418e-57, 8.023814e+02, 1.096920e+00, 3.240001e-02, 3.570588e-01, 
1.364765e+01, 1.893904e-03, 2.166456e+02, 3.000000e+04, 7.462186e+14, 1.296956e+00, 7.440737e-01, 2.406232e+08, 4.750554e+04, 2.264064e+08, 1.416937e+07, 3.951759e+02, 2.310920e+03, 1.391820e-57, 7.796566e+02, 1.114493e+00, 3.240029e-02, 3.612904e-01, 
1.443426e+01, 1.841634e-03, 2.166289e+02, 3.000000e+04, 7.358385e+14, 1.281631e+00, 7.351619e-01, 2.340006e+08, 3.397067e+04, 2.201748e+08, 1.379184e+07, 3.857868e+02, 2.310911e+03, 1.405480e-57, 7.581990e+02, 1.132063e+00, 3.240049e-02, 3.655069e-01, 
1.526621e+01, 1.792133e-03, 2.166131e+02, 3.000000e+04, 7.258222e+14, 1.266713e+00, 7.264933e-01, 2.277277e+08, 2.395432e+04, 2.142723e+08, 1.343143e+07, 3.768165e+02, 2.310901e+03, 1.418464e-57, 7.378744e+02, 1.149608e+00, 3.240065e-02, 3.697083e-01, 
1.614612e+01, 1.745121e-03, 2.165981e+02, 3.000000e+04, 7.161447e+14, 1.252182e+00, 7.180554e-01, 2.217694e+08, 1.665552e+04, 2.086659e+08, 1.308688e+07, 3.682251e+02, 2.310891e+03, 1.430824e-57, 7.185691e+02, 1.167104e+00, 3.240076e-02, 3.738946e-01, 
1.707673e+01, 1.700361e-03, 2.165840e+02, 3.000000e+04, 7.067874e+14, 1.238025e+00, 7.098400e-01, 2.160956e+08, 1.142391e+04, 2.033271e+08, 1.275707e+07, 3.599786e+02, 2.310880e+03, 1.442608e-57, 7.001857e+02, 1.184524e+00, 3.240084e-02, 3.780659e-01, 
1.806099e+01, 1.657648e-03, 2.165707e+02, 3.000000e+04, 6.977370e+14, 1.224236e+00, 7.018432e-01, 2.106805e+08, 7.738735e+03, 1.982317e+08, 1.244099e+07, 3.520472e+02, 2.310868e+03, 1.453856e-57, 6.826402e+02, 1.201838e+00, 3.240090e-02, 3.822223e-01, 
1.910198e+01, 1.616803e-03, 2.165580e+02, 3.000000e+04, 6.889846e+14, 1.210815e+00, 6.940638e-01, 2.055015e+08, 5.189700e+03, 1.933586e+08, 1.213771e+07, 3.444051e+02, 2.310856e+03, 1.464600e-57, 6.658600e+02, 1.219015e+00, 3.240095e-02, 3.863638e-01, 
2.020297e+01, 1.577672e-03, 2.165460e+02, 3.000000e+04, 6.805250e+14, 1.197766e+00, 6.865038e-01, 2.005391e+08, 3.459341e+03, 1.886892e+08, 1.184640e+07, 3.370295e+02, 2.310843e+03, 1.474872e-57, 6.497815e+02, 1.236021e+00, 3.240097e-02, 3.904905e-01, 
2.136741e+01, 1.540118e-03, 2.165346e+02, 3.000000e+04, 6.723559e+14, 1.185096e+00, 6.791671e-01, 1.957760e+08, 2.306852e+03, 1.842074e+08, 1.156629e+07, 3.299006e+02, 2.310830e+03, 1.484695e-57, 6.343491e+02, 1.252822e+00, 3.240100e-02, 3.946025e-01, 
2.259897e+01, 1.504021e-03, 2.165238e+02, 3.000000e+04, 6.644777e+14, 1.172817e+00, 6.720595e-01, 1.911973e+08, 1.553473e+03, 1.798990e+08, 1.129667e+07, 3.230006e+02, 2.310815e+03, 1.494092e-57, 6.195135e+02, 1.269382e+00, 3.240101e-02, 3.986999e-01, 
2.390152e+01, 1.469275e-03, 2.165135e+02, 3.000000e+04, 6.568926e+14, 1.160942e+00, 6.651883e-01, 1.867892e+08, 1.069532e+03, 1.757513e+08, 1.103685e+07, 3.163139e+02, 2.310800e+03, 1.503081e-57, 6.052313e+02, 1.285666e+00, 3.240102e-02, 4.027828e-01, 
2.527913e+01, 1.435784e-03, 2.165037e+02, 3.000000e+04, 6.496042e+14, 1.149486e+00, 6.585615e-01, 1.825401e+08, 7.632500e+02, 1.717531e+08, 1.078624e+07, 3.098264e+02, 2.310784e+03, 1.511679e-57, 5.914638e+02, 1.301638e+00, 3.240103e-02, 4.068513e-01, 
2.673616e+01, 1.403466e-03, 2.164944e+02, 3.000000e+04, 6.426172e+14, 1.138464e+00, 6.521879e-01, 1.784391e+08, 5.713272e+02, 1.678942e+08, 1.054426e+07, 3.035255e+02, 2.310767e+03, 1.519899e-57, 5.781762e+02, 1.317262e+00, 3.240103e-02, 4.109057e-01, 
2.827716e+01, 1.372243e-03, 2.164855e+02, 3.000000e+04, 6.359366e+14, 1.127892e+00, 6.460761e-01, 1.744766e+08, 4.512728e+02, 1.641658e+08, 1.031040e+07, 2.974001e+02, 2.310749e+03, 1.527753e-57, 5.653377e+02, 1.332505e+00, 3.240104e-02, 4.149460e-01, 
2.990698e+01, 1.342047e-03, 2.164771e+02, 3.000000e+04, 6.295675e+14, 1.117785e+00, 6.402345e-01, 1.706441e+08, 3.753560e+02, 1.605596e+08, 1.008416e+07, 2.914398e+02, 2.310730e+03, 1.535249e-57, 5.529202e+02, 1.347335e+00, 3.240104e-02, 4.189725e-01, 
3.163073e+01, 1.312817e-03, 2.164691e+02, 3.000000e+04, 6.235146e+14, 1.108158e+00, 6.346710e-01, 1.669338e+08, 3.259947e+02, 1.570684e+08, 9.865109e+06, 2.856353e+02, 2.310710e+03, 1.542397e-57, 5.408985e+02, 1.361722e+00, 3.240105e-02, 4.229852e-01, 
3.345384e+01, 1.284496e-03, 2.164615e+02, 3.000000e+04, 6.177818e+14, 1.099021e+00, 6.293922e-01, 1.633386e+08, 2.923634e+02, 1.536854e+08, 9.652839e+06, 2.799784e+02, 2.310689e+03, 1.549202e-57, 5.292497e+02, 1.375638e+00, 3.240105e-02, 4.269844e-01, 
3.538203e+01, 1.257035e-03, 2.164544e+02, 3.000000e+04, 6.123721e+14, 1.090386e+00, 6.244034e-01, 1.598520e+08, 2.679884e+02, 1.504047e+08, 9.446977e+06, 2.744611e+02, 2.310666e+03, 1.555669e-57, 5.179530e+02, 1.389060e+00, 3.240105e-02, 4.309704e-01, 
3.742136e+01, 1.230386e-03, 2.164476e+02, 3.000000e+04, 6.072870e+14, 1.082258e+00, 6.197084e-01, 1.564682e+08, 2.491041e+02, 1.472208e+08, 9.247181e+06, 2.690765e+02, 2.310642e+03, 1.561803e-57, 5.069894e+02, 1.401968e+00, 3.240106e-02, 4.349433e-01, 
3.957823e+01, 1.204507e-03, 2.164412e+02, 3.000000e+04, 6.025264e+14, 1.074642e+00, 6.153091e-01, 1.531819e+08, 2.335734e+02, 1.441286e+08, 9.053137e+06, 2.638181e+02, 2.310617e+03, 1.567605e-57, 4.963416e+02, 1.414344e+00, 3.240106e-02, 4.389033e-01, 
4.185941e+01, 1.179360e-03, 2.164352e+02, 3.000000e+04, 5.980884e+14, 1.067536e+00, 6.112053e-01, 1.499882e+08, 2.202052e+02, 1.411234e+08, 8.864557e+06, 2.586799e+02, 2.310590e+03, 1.573077e-57, 4.859938e+02, 1.426178e+00, 3.240106e-02, 4.428508e-01, 
4.427207e+01, 1.154909e-03, 2.164296e+02, 3.000000e+04, 5.939694e+14, 1.060939e+00, 6.073948e-01, 1.468825e+08, 2.083389e+02, 1.382011e+08, 8.681175e+06, 2.536565e+02, 2.310562e+03, 1.578218e-57, 4.759312e+02, 1.437460e+00, 3.240106e-02, 4.467860e-01, 
4.682380e+01, 1.131120e-03, 2.164244e+02, 3.000000e+04, 5.901638e+14, 1.054841e+00, 6.038731e-01, 1.438607e+08, 1.976029e+02, 1.353578e+08, 8.502746e+06, 2.487426e+02, 2.310532e+03, 1.583028e-57, 4.661404e+02, 1.448190e+00, 3.240107e-02, 4.507092e-01, 
4.952260e+01, 1.107965e-03, 2.164195e+02, 3.000000e+04, 5.866640e+14, 1.049232e+00, 6.006337e-01, 1.409190e+08, 1.877787e+02, 1.325898e+08, 8.329044e+06, 2.439335e+02, 2.310501e+03, 1.587506e-57, 4.566091e+02, 1.458367e+00, 3.240107e-02, 4.546206e-01, 
5.237694e+01, 1.085414e-03, 2.164150e+02, 3.000000e+04, 5.834609e+14, 1.044097e+00, 5.976682e-01, 1.380538e+08, 1.787276e+02, 1.298938e+08, 8.159861e+06, 2.392248e+02, 2.310468e+03, 1.591647e-57, 4.473257e+02, 1.467998e+00, 3.240107e-02, 4.585206e-01, 
5.539581e+01, 1.063441e-03, 2.164109e+02, 3.000000e+04, 5.805435e+14, 1.039418e+00, 5.949662e-01, 1.352619e+08, 1.703523e+02, 1.272667e+08, 7.995001e+06, 2.346124e+02, 2.310432e+03, 1.595450e-57, 4.382796e+02, 1.477092e+00, 3.240108e-02, 4.624096e-01, 
5.858868e+01, 1.042023e-03, 2.164072e+02, 3.000000e+04, 5.778995e+14, 1.035174e+00, 5.925156e-01, 1.325401e+08, 1.625786e+02, 1.247057e+08, 7.834284e+06, 2.300924e+02, 2.310395e+03, 1.598907e-57, 4.294609e+02, 1.485663e+00, 3.240108e-02, 4.662879e-01, 
6.196557e+01, 1.021136e-03, 2.164038e+02, 3.000000e+04, 5.755154e+14, 1.031343e+00, 5.903031e-01, 1.298857e+08, 1.553453e+02, 1.222080e+08, 7.677543e+06, 2.256613e+02, 2.310356e+03, 1.602016e-57, 4.208603e+02, 1.493727e+00, 3.240108e-02, 4.701558e-01, 
6.553710e+01, 1.000761e-03, 2.164008e+02, 3.000000e+04, 5.733768e+14, 1.027897e+00, 5.883141e-01, 1.272959e+08, 1.486000e+02, 1.197711e+08, 7.524621e+06, 2.213155e+02, 2.310314e+03, 1.604768e-57, 4.124693e+02, 1.501306e+00, 3.240108e-02, 4.740138e-01, 
6.931448e+01, 9.804690e-04, 2.163981e+02, 3.000000e+04, 5.714810e+14, 1.024852e+00, 5.865556e-01, 1.247165e+08, 1.447710e+02, 1.173440e+08, 7.372308e+06, 2.169688e+02, 2.310270e+03, 1.607286e-57, 4.041119e+02, 1.508424e+00, 3.240109e-02, 4.778623e-01, 
7.330959e+01, 9.596087e-04, 2.163954e+02, 3.000000e+04, 5.698303e+14, 1.022238e+00, 5.850443e-01, 1.220647e+08, 1.448439e+02, 1.148489e+08, 7.215718e+06, 2.124882e+02, 2.310223e+03, 1.609762e-57, 3.955200e+02, 1.515128e+00, 3.240109e-02, 4.817017e-01, 
7.753495e+01, 9.381855e-04, 2.163928e+02, 3.000000e+04, 5.684047e+14, 1.020018e+00, 5.837590e-01, 1.193413e+08, 1.463250e+02, 1.122862e+08, 7.054893e+06, 2.078739e+02, 2.310174e+03, 1.612183e-57, 3.866958e+02, 1.521475e+00, 3.240109e-02, 4.855324e-01, 
8.200386e+01, 9.162165e-04, 2.163903e+02, 3.000000e+04, 5.671832e+14, 1.018152e+00, 5.826770e-01, 1.165483e+08, 1.483815e+02, 1.096582e+08, 6.889961e+06, 2.031289e+02, 2.310121e+03, 1.614528e-57, 3.776464e+02, 1.527524e+00, 3.240110e-02, 4.893551e-01, 
8.673034e+01, 8.937225e-04, 2.163879e+02, 3.000000e+04, 5.661448e+14, 1.016600e+00, 5.817753e-01, 1.136884e+08, 1.507555e+02, 1.069671e+08, 6.721079e+06, 1.982567e+02, 2.310066e+03, 1.616776e-57, 3.683802e+02, 1.533334e+00, 3.240110e-02, 4.931701e-01, 
9.172925e+01, 8.707277e-04, 2.163856e+02, 3.000000e+04, 5.652692e+14, 1.015324e+00, 5.810317e-01, 1.107647e+08, 1.533713e+02, 1.042161e+08, 6.548427e+06, 1.932616e+02, 2.310008e+03, 1.618903e-57, 3.589071e+02, 1.538967e+00, 3.240110e-02, 4.969781e-01, 
9.701628e+01, 8.472601e-04, 2.163834e+02, 3.000000e+04, 5.645371e+14, 1.014284e+00, 5.804246e-01, 1.077806e+08, 1.562083e+02, 1.014083e+08, 6.372214e+06, 1.881491e+02, 2.309946e+03, 1.620884e-57, 3.492387e+02, 1.544479e+00, 3.240111e-02, 5.007796e-01, 
1.026080e+02, 8.233512e-04, 2.163815e+02, 3.000000e+04, 5.639307e+14, 1.013446e+00, 5.799339e-01, 1.047404e+08, 1.592622e+02, 9.854752e+07, 6.192679e+06, 1.829252e+02, 2.309881e+03, 1.622690e-57, 3.393880e+02, 1.549929e+00, 3.240111e-02, 5.045753e-01, 
1.085221e+02, 7.990366e-04, 2.163797e+02, 3.000000e+04, 5.634341e+14, 1.012777e+00, 5.795414e-01, 1.016483e+08, 1.625343e+02, 9.563806e+07, 6.010086e+06, 1.775970e+02, 2.309812e+03, 1.624291e-57, 3.293696e+02, 1.555370e+00, 3.240112e-02, 5.083657e-01, 
1.147770e+02, 7.743555e-04, 2.163731e+02, 3.000000e+04, 5.630145e+14, 1.012874e+00, 5.795598e-01, 9.851181e+07, 1.660243e+02, 9.268678e+07, 5.824869e+06, 1.723843e+02, 2.309794e+03, 1.630584e-57, 3.192072e+02, 1.560960e+00, 3.240112e-02, 5.121515e-01, 
1.213924e+02, 7.493507e-04, 2.163646e+02, 3.000000e+04, 5.625804e+14, 1.013177e+00, 5.796854e-01, 9.533475e+07, 1.696901e+02, 8.969732e+07, 5.637256e+06, 1.671545e+02, 2.309794e+03, 1.638637e-57, 3.089133e+02, 1.567000e+00, 3.240113e-02, 5.159334e-01, 
1.283892e+02, 7.240687e-04, 2.163561e+02, 3.000000e+04, 5.621285e+14, 1.013459e+00, 5.797987e-01, 9.212220e+07, 1.735132e+02, 8.667448e+07, 5.447548e+06, 1.618445e+02, 2.309794e+03, 1.646820e-57, 2.985045e+02, 1.573524e+00, 3.240113e-02, 5.197123e-01, 
1.357892e+02, 6.985593e-04, 2.163475e+02, 3.000000e+04, 5.616632e+14, 1.013726e+00, 5.799032e-01, 8.888051e+07, 1.774960e+02, 8.362421e+07, 5.256118e+06, 1.564641e+02, 2.309794e+03, 1.655119e-57, 2.880012e+02, 1.580559e+00, 3.240114e-02, 5.234888e-01, 
1.436157e+02, 6.728755e-04, 2.163388e+02, 3.000000e+04, 5.611886e+14, 1.013983e+00, 5.800017e-01, 8.561640e+07, 1.816445e+02, 8.055285e+07, 5.063365e+06, 1.510239e+02, 2.309793e+03, 1.663518e-57, 2.774253e+02, 1.588133e+00, 3.240115e-02, 5.272638e-01, 
1.518933e+02, 6.470734e-04, 2.163301e+02, 3.000000e+04, 5.607083e+14, 1.014235e+00, 5.800965e-01, 8.233698e+07, 1.859653e+02, 7.746709e+07, 4.869707e+06, 1.455352e+02, 2.309793e+03, 1.671999e-57, 2.667998e+02, 1.596281e+00, 3.240115e-02, 5.310382e-01, 
1.606481e+02, 6.212114e-04, 2.163214e+02, 3.000000e+04, 5.602254e+14, 1.014484e+00, 5.801897e-01, 7.904969e+07, 1.904646e+02, 7.437392e+07, 4.675585e+06, 1.400103e+02, 2.309793e+03, 1.680544e-57, 2.561488e+02, 1.605039e+00, 3.240116e-02, 5.348128e-01, 
1.699074e+02, 5.953503e-04, 2.163126e+02, 3.000000e+04, 5.597428e+14, 1.014733e+00, 5.802830e-01, 7.576225e+07, 1.951481e+02, 7.128060e+07, 4.481452e+06, 1.344618e+02, 2.309793e+03, 1.689132e-57, 2.454973e+02, 1.614448e+00, 3.240117e-02, 5.385888e-01, 
1.797004e+02, 5.695524e-04, 2.163039e+02, 3.000000e+04, 5.592632e+14, 1.014984e+00, 5.803775e-01, 7.248258e+07, 2.000207e+02, 6.819460e+07, 4.287779e+06, 1.289033e+02, 2.309793e+03, 1.697744e-57, 2.348709e+02, 1.624555e+00, 3.240118e-02, 5.423669e-01, 
1.900578e+02, 5.438816e-04, 2.162952e+02, 3.000000e+04, 5.587891e+14, 1.015238e+00, 5.804743e-01, 6.921879e+07, 2.050865e+02, 6.512354e+07, 4.095044e+06, 1.233486e+02, 2.309793e+03, 1.706358e-57, 2.242961e+02, 1.635410e+00, 3.240119e-02, 5.461484e-01, 
2.010123e+02, 5.184021e-04, 2.162866e+02, 3.000000e+04, 5.583224e+14, 1.015498e+00, 5.805742e-01, 6.597908e+07, 2.103485e+02, 6.207514e+07, 3.903730e+06, 1.178120e+02, 2.309793e+03, 1.714952e-57, 2.137992e+02, 1.647066e+00, 3.240120e-02, 5.499344e-01, 
2.125981e+02, 4.931786e-04, 2.162781e+02, 3.000000e+04, 5.578652e+14, 1.015763e+00, 5.806778e-01, 6.277166e+07, 2.158086e+02, 5.905712e+07, 3.714323e+06, 1.123080e+02, 2.309793e+03, 1.723502e-57, 2.034070e+02, 1.659584e+00, 3.240121e-02, 5.537259e-01, 
2.248517e+02, 4.682751e-04, 2.162697e+02, 3.000000e+04, 5.574193e+14, 1.016034e+00, 5.807854e-01, 5.960468e+07, 2.214674e+02, 5.607716e+07, 3.527304e+06, 1.068515e+02, 2.309793e+03, 1.731987e-57, 1.931458e+02, 1.673027e+00, 3.240122e-02, 5.575243e-01, 
2.378115e+02, 4.437546e-04, 2.162614e+02, 3.000000e+04, 5.569863e+14, 1.016311e+00, 5.808973e-01, 5.648617e+07, 2.273239e+02, 5.314280e+07, 3.343146e+06, 1.014569e+02, 2.309793e+03, 1.740382e-57, 1.830416e+02, 1.687463e+00, 3.240124e-02, 5.613308e-01, 
2.515183e+02, 4.196784e-04, 2.162533e+02, 3.000000e+04, 5.565675e+14, 1.016595e+00, 5.810137e-01, 5.342394e+07, 2.333755e+02, 5.026139e+07, 3.162312e+06, 9.613897e+01, 2.309793e+03, 1.748666e-57, 1.731198e+02, 1.702968e+00, 3.240125e-02, 5.651468e-01, 
2.660152e+02, 3.961054e-04, 2.162453e+02, 3.000000e+04, 5.561642e+14, 1.016884e+00, 5.811344e-01, 5.042548e+07, 2.396180e+02, 4.743999e+07, 2.985243e+06, 9.091175e+01, 2.309793e+03, 1.756815e-57, 1.634046e+02, 1.719619e+00, 3.240126e-02, 5.689737e-01, 
2.813476e+02, 3.730915e-04, 2.162376e+02, 3.000000e+04, 5.557776e+14, 1.017180e+00, 5.812594e-01, 4.749793e+07, 2.460448e+02, 4.468532e+07, 2.812362e+06, 8.578900e+01, 2.309793e+03, 1.764808e-57, 1.539192e+02, 1.737501e+00, 3.240128e-02, 5.728128e-01, 
2.975637e+02, 3.506893e-04, 2.162300e+02, 3.000000e+04, 5.554085e+14, 1.017480e+00, 5.813885e-01, 4.464798e+07, 2.526474e+02, 4.200367e+07, 2.644063e+06, 8.078381e+01, 2.309793e+03, 1.772624e-57, 1.446852e+02, 1.756704e+00, 3.240130e-02, 5.766659e-01, 
3.147145e+02, 3.289471e-04, 2.162226e+02, 3.000000e+04, 5.550576e+14, 1.017785e+00, 5.815213e-01, 4.188181e+07, 2.594148e+02, 3.940084e+07, 2.480710e+06, 7.590850e+01, 2.309793e+03, 1.780243e-57, 1.357226e+02, 1.777322e+00, 3.240132e-02, 5.805344e-01, 
3.328538e+02, 3.079087e-04, 2.162155e+02, 3.000000e+04, 5.547255e+14, 1.018094e+00, 5.816574e-01, 3.920500e+07, 2.663338e+02, 3.688210e+07, 2.322634e+06, 7.117446e+01, 2.309793e+03, 1.787648e-57, 1.270496e+02, 1.799458e+00, 3.240134e-02, 5.844201e-01, 
3.520386e+02, 2.876128e-04, 2.162087e+02, 3.000000e+04, 5.544125e+14, 1.018404e+00, 5.817964e-01, 3.662251e+07, 2.733882e+02, 3.445210e+07, 2.170128e+06, 6.659207e+01, 2.309793e+03, 1.794820e-57, 1.186822e+02, 1.823215e+00, 3.240136e-02, 5.883246e-01, 
3.723291e+02, 2.680931e-04, 2.162021e+02, 3.000000e+04, 5.541188e+14, 1.018717e+00, 5.819376e-01, 3.413861e+07, 2.805598e+02, 3.211489e+07, 2.023444e+06, 6.217056e+01, 2.309793e+03, 1.801746e-57, 1.106342e+02, 1.848707e+00, 3.240138e-02, 5.922497e-01, 
3.937892e+02, 2.493774e-04, 2.161958e+02, 3.000000e+04, 5.538444e+14, 1.019029e+00, 5.820804e-01, 3.175689e+07, 2.878272e+02, 2.987380e+07, 1.882793e+06, 5.791792e+01, 2.309793e+03, 1.808412e-57, 1.029173e+02, 1.876049e+00, 3.240140e-02, 5.961974e-01, 
4.164861e+02, 2.314878e-04, 2.161897e+02, 3.000000e+04, 5.535889e+14, 1.019340e+00, 5.822241e-01, 2.948016e+07, 2.951667e+02, 2.773152e+07, 1.748343e+06, 5.384083e+01, 2.309793e+03, 1.814807e-57, 9.554056e+01, 1.905363e+00, 3.240143e-02, 6.001694e-01, 
4.404913e+02, 2.144405e-04, 2.161840e+02, 3.000000e+04, 5.533520e+14, 1.019649e+00, 5.823678e-01, 2.731051e+07, 3.025522e+02, 2.569000e+07, 1.620215e+06, 4.994465e+01, 2.309793e+03, 1.820923e-57, 8.851079e+01, 1.936776e+00, 3.240146e-02, 6.041679e-01, 
4.658800e+02, 1.982460e-04, 2.161785e+02, 3.000000e+04, 5.531330e+14, 1.019953e+00, 5.825107e-01, 2.524929e+07, 3.099549e+02, 2.375049e+07, 1.498490e+06, 4.623332e+01, 2.309793e+03, 1.826752e-57, 8.183230e+01, 1.970419e+00, 3.240149e-02, 6.081948e-01, 
4.927321e+02, 1.829088e-04, 2.161733e+02, 3.000000e+04, 5.529312e+14, 1.020252e+00, 5.826519e-01, 2.329709e+07, 3.173443e+02, 2.191357e+07, 1.383203e+06, 4.270943e+01, 2.309793e+03, 1.832290e-57, 7.550704e+01, 2.006425e+00, 3.240152e-02, 6.122523e-01, 
5.211318e+02, 1.684278e-04, 2.161684e+02, 3.000000e+04, 5.527457e+14, 1.020542e+00, 5.827904e-01, 2.145379e+07, 3.246876e+02, 2.017912e+07, 1.274347e+06, 3.937420e+01, 2.309793e+03, 1.837534e-57, 6.953465e+01, 2.044935e+00, 3.240156e-02, 6.163425e-01, 
5.511685e+02, 1.547968e-04, 2.161638e+02, 3.000000e+04, 5.525752e+14, 1.020824e+00, 5.829252e-01, 1.971860e+07, 3.319509e+02, 1.854639e+07, 1.171875e+06, 3.622754e+01, 2.309793e+03, 1.842485e-57, 6.391254e+01, 2.086088e+00, 3.240159e-02, 6.204676e-01, 
5.829363e+02, 1.420043e-04, 2.161595e+02, 3.000000e+04, 5.524187e+14, 1.021095e+00, 5.830553e-01, 1.809009e+07, 3.390990e+02, 1.701405e+07, 1.075702e+06, 3.326809e+01, 2.309793e+03, 1.847143e-57, 5.863606e+01, 2.130028e+00, 3.240163e-02, 6.246299e-01, 
6.165352e+02, 1.300342e-04, 2.161555e+02, 3.000000e+04, 5.522747e+14, 1.021353e+00, 5.831798e-01, 1.656622e+07, 3.460959e+02, 1.558017e+07, 9.857093e+05, 3.049335e+01, 2.309793e+03, 1.851512e-57, 5.369865e+01, 2.176901e+00, 3.240168e-02, 6.288317e-01, 
6.520707e+02, 1.188665e-04, 2.161517e+02, 3.000000e+04, 5.521419e+14, 1.021596e+00, 5.832975e-01, 1.514444e+07, 3.529055e+02, 1.424234e+07, 9.017446e+05, 2.789972e+01, 2.309793e+03, 1.855598e-57, 4.909198e+01, 2.226851e+00, 3.240172e-02, 6.330753e-01, 
6.896543e+02, 1.084770e-04, 2.161482e+02, 3.000000e+04, 5.520188e+14, 1.021823e+00, 5.834074e-01, 1.382170e+07, 3.594918e+02, 1.299771e+07, 8.236288e+05, 2.548262e+01, 2.309793e+03, 1.859408e-57, 4.480623e+01, 2.280025e+00, 3.240177e-02, 6.373632e-01, 
7.294041e+02, 9.883878e-05, 2.161449e+02, 3.000000e+04, 5.519039e+14, 1.022033e+00, 5.835086e-01, 1.259456e+07, 3.658195e+02, 1.184303e+07, 7.511583e+05, 2.323663e+01, 2.309793e+03, 1.862949e-57, 4.083022e+01, 2.336567e+00, 3.240182e-02, 6.416977e-01, 
7.714450e+02, 8.992181e-05, 2.161419e+02, 3.000000e+04, 5.517956e+14, 1.022223e+00, 5.836001e-01, 1.145922e+07, 3.718546e+02, 1.077474e+07, 6.841092e+05, 2.115560e+01, 2.309793e+03, 1.866232e-57, 3.715165e+01, 2.396618e+00, 3.240187e-02, 6.460812e-01, 
8.159090e+02, 8.169411e-05, 2.161391e+02, 3.000000e+04, 5.516923e+14, 1.022392e+00, 5.836810e-01, 1.041161e+07, 3.775644e+02, 9.788991e+06, 6.222411e+05, 1.923275e+01, 2.309793e+03, 1.869265e-57, 3.375734e+01, 2.460318e+00, 3.240193e-02, 6.505162e-01, 
8.629358e+02, 7.412196e-05, 2.161366e+02, 3.000000e+04, 5.515925e+14, 1.022539e+00, 5.837505e-01, 9.447448e+06, 3.829182e+02, 8.881765e+06, 5.653009e+05, 1.746085e+01, 2.309793e+03, 1.872062e-57, 3.063340e+01, 2.527802e+00, 3.240199e-02, 6.550051e-01, 
9.126731e+02, 6.717050e-05, 2.161342e+02, 3.000000e+04, 5.514946e+14, 1.022663e+00, 5.838077e-01, 8.562298e+06, 3.878878e+02, 8.048884e+06, 5.130268e+05, 1.583227e+01, 2.309793e+03, 1.874633e-57, 2.776546e+01, 2.599200e+00, 3.240206e-02, 6.595503e-01, 
9.652772e+02, 6.080413e-05, 2.161321e+02, 3.000000e+04, 5.513973e+14, 1.022761e+00, 5.838519e-01, 7.751633e+06, 3.924472e+02, 7.286089e+06, 4.651516e+05, 1.433915e+01, 2.309793e+03, 1.876991e-57, 2.513886e+01, 2.674634e+00, 3.240212e-02, 6.641542e-01, 
1.020913e+03, 5.498700e-05, 2.161301e+02, 3.000000e+04, 5.512991e+14, 1.022834e+00, 5.838824e-01, 7.010892e+06, 3.965734e+02, 6.589089e+06, 4.214058e+05, 1.297351e+01, 2.309793e+03, 1.879148e-57, 2.273881e+01, 2.754221e+00, 3.240220e-02, 6.688191e-01, 
1.079756e+03, 4.968337e-05, 2.161283e+02, 3.000000e+04, 5.511986e+14, 1.022881e+00, 5.838986e-01, 6.335526e+06, 4.002462e+02, 5.953605e+06, 3.815210e+05, 1.172729e+01, 2.309793e+03, 1.881116e-57, 2.055059e+01, 2.838067e+00, 3.240227e-02, 6.735473e-01, 
1.141990e+03, 4.485796e-05, 2.161267e+02, 3.000000e+04, 5.510946e+14, 1.022899e+00, 5.839001e-01, 5.721047e+06, 4.034487e+02, 5.375412e+06, 3.452322e+05, 1.059251e+01, 2.309793e+03, 1.882909e-57, 1.855964e+01, 2.926270e+00, 3.240235e-02, 6.783411e-01, 
1.207811e+03, 4.047628e-05, 2.161252e+02, 3.000000e+04, 5.509859e+14, 1.022890e+00, 5.838862e-01, 5.163066e+06, 4.061668e+02, 4.850380e+06, 3.122800e+05, 9.561309e+00, 2.309793e+03, 1.884539e-57, 1.675175e+01, 3.018915e+00, 3.240243e-02, 6.832025e-01, 
1.277426e+03, 3.650485e-05, 2.161239e+02, 3.000000e+04, 5.508713e+14, 1.022851e+00, 5.838566e-01, 4.657322e+06, 4.083899e+02, 4.374501e+06, 2.824131e+05, 8.626030e+00, 2.309793e+03, 1.886017e-57, 1.511311e+01, 3.116076e+00, 3.240252e-02, 6.881335e-01, 
1.351054e+03, 3.291147e-05, 2.161227e+02, 3.000000e+04, 5.507499e+14, 1.022783e+00, 5.838110e-01, 4.199715e+06, 4.101106e+02, 3.943915e+06, 2.553891e+05, 7.779261e+00, 2.309793e+03, 1.887356e-57, 1.363043e+01, 3.217814e+00, 3.240261e-02, 6.931361e-01, 
1.428925e+03, 2.966532e-05, 2.161216e+02, 3.000000e+04, 5.506207e+14, 1.022686e+00, 5.837491e-01, 3.786322e+06, 4.113244e+02, 3.554934e+06, 2.309766e+05, 7.013893e+00, 2.309793e+03, 1.888566e-57, 1.229102e+01, 3.324174e+00, 3.240270e-02, 6.982119e-01, 
1.511284e+03, 2.673715e-05, 2.161206e+02, 3.000000e+04, 5.504829e+14, 1.022558e+00, 5.836708e-01, 3.413420e+06, 4.120304e+02, 3.204052e+06, 2.089556e+05, 6.323151e+00, 2.309793e+03, 1.889658e-57, 1.108279e+01, 3.435187e+00, 3.240280e-02, 7.033626e-01, 
1.598391e+03, 2.409932e-05, 2.161197e+02, 3.000000e+04, 5.503358e+14, 1.022401e+00, 5.835757e-01, 3.077490e+06, 4.122309e+02, 2.887959e+06, 1.891183e+05, 5.700618e+00, 2.309793e+03, 1.890643e-57, 9.994360e+00, 3.550866e+00, 3.240290e-02, 7.085893e-01, 
1.690518e+03, 2.172589e-05, 2.161189e+02, 3.000000e+04, 5.501787e+14, 1.022213e+00, 5.834640e-01, 2.775229e+06, 4.119314e+02, 2.603547e+06, 1.712698e+05, 5.140256e+00, 2.309793e+03, 1.891529e-57, 9.015016e+00, 3.671206e+00, 3.240301e-02, 7.138933e-01, 
1.787954e+03, 1.959262e-05, 2.161182e+02, 3.000000e+04, 5.500111e+14, 1.021995e+00, 5.833356e-01, 2.503551e+06, 4.111407e+02, 2.347912e+06, 1.552277e+05, 4.636411e+00, 2.309793e+03, 1.892326e-57, 8.134764e+00, 3.796183e+00, 3.240312e-02, 7.192753e-01, 
1.891007e+03, 1.767699e-05, 2.161175e+02, 3.000000e+04, 5.498326e+14, 1.021747e+00, 5.831905e-01, 2.259588e+06, 4.098709e+02, 2.118356e+06, 1.408227e+05, 4.183819e+00, 2.309793e+03, 1.893042e-57, 7.344311e+00, 3.925755e+00, 3.240323e-02, 7.247359e-01, 
